###############################################################################
#
# IAR ELF Linker V9.30.1.335/W64 for ARM                  14/Mar/2024  20:35:06
# Copyright 2007-2022 IAR Systems AB.
#
#    Output file  =
#        C:\Users\Ishan\Desktop\STM32\Rover-Coin-Game\EWARM\Rover-Coin-Game\Exe\Rover-Coin-Game.out
#    Map file     =
#        C:\Users\Ishan\Desktop\STM32\Rover-Coin-Game\EWARM\Rover-Coin-Game\List\Rover-Coin-Game.map
#    Command line =
#        -f
#        C:\Users\Ishan\Desktop\STM32\Rover-Coin-Game\EWARM\Rover-Coin-Game\Exe\Rover-Coin-Game.out.rsp
#        (C:\Users\Ishan\Desktop\STM32\Rover-Coin-Game\EWARM\Rover-Coin-Game\Obj\Application\User\Modules\background\background.o
#        C:\Users\Ishan\Desktop\STM32\Rover-Coin-Game\EWARM\Rover-Coin-Game\Obj\Application\User\Modules\roverGame\game_obj\coin_obj.o
#        C:\Users\Ishan\Desktop\STM32\Rover-Coin-Game\EWARM\Rover-Coin-Game\Obj\Application\User\Modules\displayST7735\displayST7735.o
#        C:\Users\Ishan\Desktop\STM32\Rover-Coin-Game\EWARM\Rover-Coin-Game\Obj\Application\User\Modules\generic_game\generic_game.o
#        C:\Users\Ishan\Desktop\STM32\Rover-Coin-Game\EWARM\Rover-Coin-Game\Obj\Application\User\Modules\joystick\joystick.o
#        C:\Users\Ishan\Desktop\STM32\Rover-Coin-Game\EWARM\Rover-Coin-Game\Obj\Application\User\main.o
#        C:\Users\Ishan\Desktop\STM32\Rover-Coin-Game\EWARM\Rover-Coin-Game\Obj\Application\User\Modules\roverGame\rover_game.o
#        C:\Users\Ishan\Desktop\STM32\Rover-Coin-Game\EWARM\Rover-Coin-Game\Obj\Application\User\Modules\roverGame\rover_math\rover_math.o
#        C:\Users\Ishan\Desktop\STM32\Rover-Coin-Game\EWARM\Rover-Coin-Game\Obj\Application\User\Modules\roverGame\game_obj\rover_obj.o
#        C:\Users\Ishan\Desktop\STM32\Rover-Coin-Game\EWARM\Rover-Coin-Game\Obj\Application\EWARM\startup_stm32l432xx.o
#        C:\Users\Ishan\Desktop\STM32\Rover-Coin-Game\EWARM\Rover-Coin-Game\Obj\Drivers\STM32L4xx_HAL_Driver\stm32l4xx_hal.o
#        C:\Users\Ishan\Desktop\STM32\Rover-Coin-Game\EWARM\Rover-Coin-Game\Obj\Drivers\STM32L4xx_HAL_Driver\stm32l4xx_hal_adc.o
#        C:\Users\Ishan\Desktop\STM32\Rover-Coin-Game\EWARM\Rover-Coin-Game\Obj\Drivers\STM32L4xx_HAL_Driver\stm32l4xx_hal_adc_ex.o
#        C:\Users\Ishan\Desktop\STM32\Rover-Coin-Game\EWARM\Rover-Coin-Game\Obj\Drivers\STM32L4xx_HAL_Driver\stm32l4xx_hal_cortex.o
#        C:\Users\Ishan\Desktop\STM32\Rover-Coin-Game\EWARM\Rover-Coin-Game\Obj\Drivers\STM32L4xx_HAL_Driver\stm32l4xx_hal_dma.o
#        C:\Users\Ishan\Desktop\STM32\Rover-Coin-Game\EWARM\Rover-Coin-Game\Obj\Drivers\STM32L4xx_HAL_Driver\stm32l4xx_hal_dma_ex.o
#        C:\Users\Ishan\Desktop\STM32\Rover-Coin-Game\EWARM\Rover-Coin-Game\Obj\Drivers\STM32L4xx_HAL_Driver\stm32l4xx_hal_exti.o
#        C:\Users\Ishan\Desktop\STM32\Rover-Coin-Game\EWARM\Rover-Coin-Game\Obj\Drivers\STM32L4xx_HAL_Driver\stm32l4xx_hal_flash.o
#        C:\Users\Ishan\Desktop\STM32\Rover-Coin-Game\EWARM\Rover-Coin-Game\Obj\Drivers\STM32L4xx_HAL_Driver\stm32l4xx_hal_flash_ex.o
#        C:\Users\Ishan\Desktop\STM32\Rover-Coin-Game\EWARM\Rover-Coin-Game\Obj\Drivers\STM32L4xx_HAL_Driver\stm32l4xx_hal_flash_ramfunc.o
#        C:\Users\Ishan\Desktop\STM32\Rover-Coin-Game\EWARM\Rover-Coin-Game\Obj\Drivers\STM32L4xx_HAL_Driver\stm32l4xx_hal_gpio.o
#        C:\Users\Ishan\Desktop\STM32\Rover-Coin-Game\EWARM\Rover-Coin-Game\Obj\Drivers\STM32L4xx_HAL_Driver\stm32l4xx_hal_i2c.o
#        C:\Users\Ishan\Desktop\STM32\Rover-Coin-Game\EWARM\Rover-Coin-Game\Obj\Drivers\STM32L4xx_HAL_Driver\stm32l4xx_hal_i2c_ex.o
#        C:\Users\Ishan\Desktop\STM32\Rover-Coin-Game\EWARM\Rover-Coin-Game\Obj\Application\User\stm32l4xx_hal_msp.o
#        C:\Users\Ishan\Desktop\STM32\Rover-Coin-Game\EWARM\Rover-Coin-Game\Obj\Drivers\STM32L4xx_HAL_Driver\stm32l4xx_hal_pwr.o
#        C:\Users\Ishan\Desktop\STM32\Rover-Coin-Game\EWARM\Rover-Coin-Game\Obj\Drivers\STM32L4xx_HAL_Driver\stm32l4xx_hal_pwr_ex.o
#        C:\Users\Ishan\Desktop\STM32\Rover-Coin-Game\EWARM\Rover-Coin-Game\Obj\Drivers\STM32L4xx_HAL_Driver\stm32l4xx_hal_rcc.o
#        C:\Users\Ishan\Desktop\STM32\Rover-Coin-Game\EWARM\Rover-Coin-Game\Obj\Drivers\STM32L4xx_HAL_Driver\stm32l4xx_hal_rcc_ex.o
#        C:\Users\Ishan\Desktop\STM32\Rover-Coin-Game\EWARM\Rover-Coin-Game\Obj\Drivers\STM32L4xx_HAL_Driver\stm32l4xx_hal_spi.o
#        C:\Users\Ishan\Desktop\STM32\Rover-Coin-Game\EWARM\Rover-Coin-Game\Obj\Drivers\STM32L4xx_HAL_Driver\stm32l4xx_hal_spi_ex.o
#        C:\Users\Ishan\Desktop\STM32\Rover-Coin-Game\EWARM\Rover-Coin-Game\Obj\Drivers\STM32L4xx_HAL_Driver\stm32l4xx_hal_tim.o
#        C:\Users\Ishan\Desktop\STM32\Rover-Coin-Game\EWARM\Rover-Coin-Game\Obj\Drivers\STM32L4xx_HAL_Driver\stm32l4xx_hal_tim_ex.o
#        C:\Users\Ishan\Desktop\STM32\Rover-Coin-Game\EWARM\Rover-Coin-Game\Obj\Drivers\STM32L4xx_HAL_Driver\stm32l4xx_hal_uart.o
#        C:\Users\Ishan\Desktop\STM32\Rover-Coin-Game\EWARM\Rover-Coin-Game\Obj\Drivers\STM32L4xx_HAL_Driver\stm32l4xx_hal_uart_ex.o
#        C:\Users\Ishan\Desktop\STM32\Rover-Coin-Game\EWARM\Rover-Coin-Game\Obj\Application\User\stm32l4xx_it.o
#        C:\Users\Ishan\Desktop\STM32\Rover-Coin-Game\EWARM\Rover-Coin-Game\Obj\Drivers\CMSIS\system_stm32l4xx.o
#        --redirect _Printf=_PrintfFull --redirect _Scanf=_ScanfFull
#        --no_out_extension -o
#        C:\Users\Ishan\Desktop\STM32\Rover-Coin-Game\EWARM\Rover-Coin-Game\Exe\Rover-Coin-Game.out
#        --map
#        C:\Users\Ishan\Desktop\STM32\Rover-Coin-Game\EWARM\Rover-Coin-Game\List\Rover-Coin-Game.map
#        --config
#        C:\Users\Ishan\Desktop\STM32\Rover-Coin-Game\EWARM/stm32l432xx_flash.icf
#        --semihosting --entry __iar_program_start --vfe --text_out locale
#        --cpu=Cortex-M4 --fpu=VFPv4_sp)
#
###############################################################################

*******************************************************************************
*** RUNTIME MODEL ATTRIBUTES
***

CppFlavor       = *
__CPP_Runtime   = 1
__SystemLibrary = DLib
__dlib_version  = 6


*******************************************************************************
*** HEAP SELECTION
***

The basic heap was selected because --advanced_heap
was not specified and the application did not appear to
be primarily optimized for speed.


*******************************************************************************
*** PLACEMENT SUMMARY
***

"A0":  place at address 0x800'0000 { ro section .intvec };
"P1":  place in [from 0x800'0000 to 0x803'ffff] { ro };
define block CSTACK with size = 1K, alignment = 8 { };
define block HEAP with size = 512, alignment = 8 { };
"P2":  place in [from 0x2000'0000 to 0x2000'ffff] {
          rw, block CSTACK, block HEAP };
initialize by copy { rw };

  Section            Kind         Address    Size  Object
  -------            ----         -------    ----  ------
"A0":                                       0x18c
  .intvec            ro code   0x800'0000   0x18c  startup_stm32l432xx.o [1]
                             - 0x800'018c   0x18c

"P1":                                      0x419e
  .text              ro code   0x800'018c   0x730  stm32l4xx_hal_rcc.o [11]
  .text              ro code   0x800'08bc    0x44  stm32l4xx_hal.o [11]
  .text              ro code   0x800'0900     0xc  stm32l4xx_hal.o [11]
  .text              ro code   0x800'090c    0x7c  stm32l4xx_hal_pwr_ex.o [11]
  .text              ro code   0x800'0988    0xc4  stm32l4xx_hal_cortex.o [11]
  .text              ro code   0x800'0a4c   0x726  stm32l4xx_hal_adc.o [11]
  .text              ro code   0x800'1172    0x7e  lz77_init_single.o [14]
  .text              ro code   0x800'11f0   0x1d0  stm32l4xx_hal_msp.o [2]
  .text              ro code   0x800'13c0   0x226  stm32l4xx_hal_dma.o [11]
  .text              ro code   0x800'15e6     0x2  stm32l4xx_hal_adc.o [11]
  .text              ro code   0x800'15e8     0x2  stm32l4xx_hal_adc.o [11]
  .text              ro code   0x800'15ea     0x2  stm32l4xx_hal_adc.o [11]
  .text              ro code   0x800'15ec   0x1b8  stm32l4xx_hal_gpio.o [11]
  .text              ro code   0x800'17a4   0x3b8  main.o [2]
  .text              ro code   0x800'1b5c    0x14  memset.o [14]
  .text              ro code   0x800'1b70    0x1e  stm32l4xx_hal.o [11]
  .text              ro code   0x800'1b90   0x3de  stm32l4xx_hal_spi.o [11]
  .text              ro code   0x800'1f70   0x48a  stm32l4xx_hal_uart.o [11]
  .text              ro code   0x800'23fc   0x268  displayST7735.o [4]
  .text              ro code   0x800'2664   0x300  rover_game.o [7]
  .text              ro code   0x800'2964    0xe0  joystick.o [6]
  .text              ro code   0x800'2a44   0x12a  rover_math.o [9]
  .text              ro code   0x800'2b70    0x10  stm32l4xx_hal_pwr.o [11]
  .text              ro code   0x800'2b80   0x364  stm32l4xx_hal_rcc_ex.o [11]
  .text              ro code   0x800'2ee4    0x28  stm32l4xx_hal.o [11]
  .text              ro code   0x800'2f0c    0x66  ABImemset.o [14]
  .text              ro code   0x800'2f74   0x106  I64DivMod_small.o [14]
  .text              ro code   0x800'307c    0x18  ABImemcpy_small.o [14]
  .text              ro code   0x800'3094   0x4ac  generic_game.o [5]
  .text              ro code   0x800'3540    0xb0  coin_obj.o [8]
  .text              ro code   0x800'35f0   0x178  rover_obj.o [8]
  .text              ro code   0x800'3768    0x28  background.o [3]
  .text              ro code   0x800'3790    0x22  S32ToDbl.o [13]
  .text              ro code   0x800'37b4    0x1c  U32ToDbl.o [13]
  .text              ro code   0x800'37d0   0x1aa  DblMul.o [13]
  .text              ro code   0x800'397c   0x24e  DblAddSub.o [13]
  .text              ro code   0x800'3bcc    0x68  DblToFlt.o [13]
  .text              ro code   0x800'3c34     0x2  I64DivZer.o [14]
  .text              ro code   0x800'3c38    0xcc  stm32l4xx_it.o [2]
  .text              ro code   0x800'3d04    0x10  stm32l4xx_hal.o [11]
  .text              ro code   0x800'3d14    0x5c  system_stm32l4xx.o [10]
  .text              ro code   0x800'3d70    0x38  zero_init3.o [14]
  .rodata            const     0x800'3da8    0x30  system_stm32l4xx.o [10]
  .text              ro code   0x800'3dd8    0x28  data_init.o [14]
  .text              ro code   0x800'3e00    0x22  fpinit_M.o [13]
  .iar.init_table    const     0x800'3e24    0x20  - Linker created -
  .text              ro code   0x800'3e44    0x1e  cmain.o [14]
  .text              ro code   0x800'3e62     0x4  low_level_init.o [12]
  .text              ro code   0x800'3e66     0x4  exit.o [12]
  .text              ro code   0x800'3e6c     0xa  cexit.o [14]
  .text              ro code   0x800'3e78    0x14  exit.o [15]
  .text              ro code   0x800'3e8c    0x1c  cstartup_M.o [14]
  .text              ro code   0x800'3ea8    0x10  startup_stm32l432xx.o [1]
  .rodata            const     0x800'3eb8     0x8  system_stm32l4xx.o [10]
  .text              ro code   0x800'3ec0     0x4  startup_stm32l432xx.o [1]
  .text              ro code   0x800'3ec4     0x4  startup_stm32l432xx.o [1]
  .text              ro code   0x800'3ec8     0x4  startup_stm32l432xx.o [1]
  .text              ro code   0x800'3ecc     0x4  startup_stm32l432xx.o [1]
  .text              ro code   0x800'3ed0     0x4  startup_stm32l432xx.o [1]
  .text              ro code   0x800'3ed4     0x4  startup_stm32l432xx.o [1]
  .text              ro code   0x800'3ed8     0x4  startup_stm32l432xx.o [1]
  .text              ro code   0x800'3edc     0x4  startup_stm32l432xx.o [1]
  .text              ro code   0x800'3ee0     0x4  startup_stm32l432xx.o [1]
  .text              ro code   0x800'3ee4     0x4  startup_stm32l432xx.o [1]
  .text              ro code   0x800'3ee8     0x4  startup_stm32l432xx.o [1]
  .text              ro code   0x800'3eec     0x4  startup_stm32l432xx.o [1]
  .text              ro code   0x800'3ef0     0x4  startup_stm32l432xx.o [1]
  .text              ro code   0x800'3ef4     0x4  startup_stm32l432xx.o [1]
  .text              ro code   0x800'3ef8     0x4  startup_stm32l432xx.o [1]
  .text              ro code   0x800'3efc     0x4  startup_stm32l432xx.o [1]
  .text              ro code   0x800'3f00     0x4  startup_stm32l432xx.o [1]
  .text              ro code   0x800'3f04     0x4  startup_stm32l432xx.o [1]
  .text              ro code   0x800'3f08     0x4  startup_stm32l432xx.o [1]
  .text              ro code   0x800'3f0c     0x4  startup_stm32l432xx.o [1]
  .text              ro code   0x800'3f10     0x4  startup_stm32l432xx.o [1]
  .text              ro code   0x800'3f14     0x4  startup_stm32l432xx.o [1]
  .text              ro code   0x800'3f18     0x4  startup_stm32l432xx.o [1]
  .text              ro code   0x800'3f1c     0x4  startup_stm32l432xx.o [1]
  .text              ro code   0x800'3f20     0x4  startup_stm32l432xx.o [1]
  .text              ro code   0x800'3f24     0x4  startup_stm32l432xx.o [1]
  .text              ro code   0x800'3f28     0x4  startup_stm32l432xx.o [1]
  .text              ro code   0x800'3f2c     0x4  startup_stm32l432xx.o [1]
  .text              ro code   0x800'3f30     0x4  startup_stm32l432xx.o [1]
  .text              ro code   0x800'3f34     0x4  startup_stm32l432xx.o [1]
  .text              ro code   0x800'3f38     0x4  startup_stm32l432xx.o [1]
  .text              ro code   0x800'3f3c     0x4  startup_stm32l432xx.o [1]
  .text              ro code   0x800'3f40     0x4  startup_stm32l432xx.o [1]
  .text              ro code   0x800'3f44     0x4  startup_stm32l432xx.o [1]
  .text              ro code   0x800'3f48     0x4  startup_stm32l432xx.o [1]
  .text              ro code   0x800'3f4c     0x4  startup_stm32l432xx.o [1]
  .text              ro code   0x800'3f50     0x4  startup_stm32l432xx.o [1]
  .text              ro code   0x800'3f54     0x4  startup_stm32l432xx.o [1]
  .text              ro code   0x800'3f58     0x4  startup_stm32l432xx.o [1]
  .text              ro code   0x800'3f5c     0x4  startup_stm32l432xx.o [1]
  .text              ro code   0x800'3f60     0x4  startup_stm32l432xx.o [1]
  .text              ro code   0x800'3f64     0x4  startup_stm32l432xx.o [1]
  .text              ro code   0x800'3f68     0x4  startup_stm32l432xx.o [1]
  .text              ro code   0x800'3f6c     0x4  startup_stm32l432xx.o [1]
  .text              ro code   0x800'3f70     0x4  startup_stm32l432xx.o [1]
  .text              ro code   0x800'3f74     0x4  startup_stm32l432xx.o [1]
  .text              ro code   0x800'3f78     0x4  startup_stm32l432xx.o [1]
  .text              ro code   0x800'3f7c     0x4  startup_stm32l432xx.o [1]
  .text              ro code   0x800'3f80     0x4  startup_stm32l432xx.o [1]
  .text              ro code   0x800'3f84     0x4  startup_stm32l432xx.o [1]
  .text              ro code   0x800'3f88     0x4  startup_stm32l432xx.o [1]
  .text              ro code   0x800'3f8c     0x4  startup_stm32l432xx.o [1]
  .text              ro code   0x800'3f90     0x4  startup_stm32l432xx.o [1]
  .text              ro code   0x800'3f94     0x4  startup_stm32l432xx.o [1]
  .text              ro code   0x800'3f98     0x4  startup_stm32l432xx.o [1]
  .text              ro code   0x800'3f9c     0x4  startup_stm32l432xx.o [1]
  .text              ro code   0x800'3fa0     0x4  startup_stm32l432xx.o [1]
  .text              ro code   0x800'3fa4     0x4  startup_stm32l432xx.o [1]
  .text              ro code   0x800'3fa8     0x4  startup_stm32l432xx.o [1]
  .rodata            const     0x800'3fac     0x0  zero_init3.o [14]
  .rodata            const     0x800'3fac     0x0  lz77_init_single.o [14]
  Initializer bytes  const     0x800'3fac   0x37e  <for P2-1>
                             - 0x800'432a  0x419e

"P2", part 1 of 3:                          0x905
  P2-1                        0x2000'0000   0x905  <Init block>
    .data            inited   0x2000'0000     0xc  background.o [3]
    .data            inited   0x2000'000c    0x34  coin_obj.o [8]
    .data            inited   0x2000'0040    0x1c  coin_obj.o [8]
    .data            inited   0x2000'005c    0x1c  coin_obj.o [8]
    .data            inited   0x2000'0078     0x8  coin_obj.o [8]
    .data            inited   0x2000'0080   0x400  displayST7735.o [4]
    .data            inited   0x2000'0480   0x2b8  rover_game.o [7]
    .data            inited   0x2000'0738    0x1c  rover_obj.o [8]
    .data            inited   0x2000'0754    0xc4  rover_obj.o [8]
    .data            inited   0x2000'0818    0xc4  rover_obj.o [8]
    .data            inited   0x2000'08dc     0x8  rover_obj.o [8]
    .data            inited   0x2000'08e4    0x10  rover_obj.o [8]
    .data            inited   0x2000'08f4     0xc  stm32l4xx_hal.o [11]
    .data            inited   0x2000'0900     0x4  system_stm32l4xx.o [10]
    .data            inited   0x2000'0904     0x1  rover_game.o [7]
                            - 0x2000'0905   0x905

"P2", part 2 of 3:                          0x8b0
  .bss               zero     0x2000'0908   0x320  rover_game.o [7]
  .bss               zero     0x2000'0c28   0x258  displayST7735.o [4]
  .bss               zero     0x2000'0e80   0x12c  rover_game.o [7]
  .bss               zero     0x2000'0fac    0xec  main.o [2]
  .bss               zero     0x2000'1098    0x64  main.o [2]
  .bss               zero     0x2000'10fc    0x48  main.o [2]
  .bss               zero     0x2000'1144    0x34  joystick.o [6]
  .bss               zero     0x2000'1178    0x16  stm32l4xx_it.o [2]
  .bss               zero     0x2000'118e     0x2  main.o [2]
  .bss               zero     0x2000'1190    0x15  displayST7735.o [4]
  .bss               zero     0x2000'11a6     0x2  rover_game.o [7]
  .bss               zero     0x2000'11a8     0x8  joystick.o [6]
  .bss               zero     0x2000'11b0     0x4  rover_game.o [7]
  .bss               zero     0x2000'11b4     0x1  coin_obj.o [8]
  .bss               zero     0x2000'11b5     0x1  displayST7735.o [4]
  .bss               zero     0x2000'11b6     0x1  stm32l4xx_it.o [2]
                            - 0x2000'11b7   0x8af

"P2", part 3 of 3:                          0x400
  CSTACK                      0x2000'11b8   0x400  <Block>
    CSTACK           uninit   0x2000'11b8   0x400  <Block tail>
                            - 0x2000'15b8   0x400

Unused ranges:

         From           To      Size
         ----           --      ----
   0x800'432a   0x803'ffff  0x3'bcd6
  0x2000'0905  0x2000'0907       0x3
  0x2000'15b8  0x2000'ffff    0xea48


*******************************************************************************
*** INIT TABLE
***

          Address      Size
          -------      ----
Zero (__iar_zero_init3)
    1 destination range, total size 0x8af:
          0x2000'0908  0x8af

Copy/lz77 (__iar_lz77_init_single3)
    1 source range, total size 0x37e (38% of destination):
           0x800'3fac  0x37e
    1 destination range, total size 0x905:
          0x2000'0000  0x905



*******************************************************************************
*** MODULE SUMMARY
***

    Module                  ro code  ro data  rw data
    ------                  -------  -------  -------
command line/config:
    -------------------------------------------------
    Total:

C:\Users\Ishan\Desktop\STM32\Rover-Coin-Game\EWARM\Rover-Coin-Game\Obj\Application\EWARM: [1]
    startup_stm32l432xx.o       648
    -------------------------------------------------
    Total:                      648

C:\Users\Ishan\Desktop\STM32\Rover-Coin-Game\EWARM\Rover-Coin-Game\Obj\Application\User: [2]
    main.o                      952               410
    stm32l4xx_hal_msp.o         464
    stm32l4xx_it.o              204                23
    -------------------------------------------------
    Total:                    1'620               433

C:\Users\Ishan\Desktop\STM32\Rover-Coin-Game\EWARM\Rover-Coin-Game\Obj\Application\User\Modules\background: [3]
    background.o                 40        4       12
    -------------------------------------------------
    Total:                       40        4       12

C:\Users\Ishan\Desktop\STM32\Rover-Coin-Game\EWARM\Rover-Coin-Game\Obj\Application\User\Modules\displayST7735: [4]
    displayST7735.o             616      397    1'646
    -------------------------------------------------
    Total:                      616      397    1'646

C:\Users\Ishan\Desktop\STM32\Rover-Coin-Game\EWARM\Rover-Coin-Game\Obj\Application\User\Modules\generic_game: [5]
    generic_game.o            1'196
    -------------------------------------------------
    Total:                    1'196

C:\Users\Ishan\Desktop\STM32\Rover-Coin-Game\EWARM\Rover-Coin-Game\Obj\Application\User\Modules\joystick: [6]
    joystick.o                  224                60
    -------------------------------------------------
    Total:                      224                60

C:\Users\Ishan\Desktop\STM32\Rover-Coin-Game\EWARM\Rover-Coin-Game\Obj\Application\User\Modules\roverGame: [7]
    rover_game.o                768      270    1'803
    -------------------------------------------------
    Total:                      768      270    1'803

C:\Users\Ishan\Desktop\STM32\Rover-Coin-Game\EWARM\Rover-Coin-Game\Obj\Application\User\Modules\roverGame\game_obj: [8]
    coin_obj.o                  176       45      117
    rover_obj.o                 376      172      444
    -------------------------------------------------
    Total:                      552      217      561

C:\Users\Ishan\Desktop\STM32\Rover-Coin-Game\EWARM\Rover-Coin-Game\Obj\Application\User\Modules\roverGame\rover_math: [9]
    rover_math.o                298
    -------------------------------------------------
    Total:                      298

C:\Users\Ishan\Desktop\STM32\Rover-Coin-Game\EWARM\Rover-Coin-Game\Obj\Drivers\CMSIS: [10]
    system_stm32l4xx.o           92       57        4
    -------------------------------------------------
    Total:                       92       57        4

C:\Users\Ishan\Desktop\STM32\Rover-Coin-Game\EWARM\Rover-Coin-Game\Obj\Drivers\STM32L4xx_HAL_Driver: [11]
    stm32l4xx_hal.o             166        5       12
    stm32l4xx_hal_adc.o       1'836
    stm32l4xx_hal_cortex.o      196
    stm32l4xx_hal_dma.o         550
    stm32l4xx_hal_gpio.o        440
    stm32l4xx_hal_pwr.o          16
    stm32l4xx_hal_pwr_ex.o      124
    stm32l4xx_hal_rcc.o       1'840
    stm32l4xx_hal_rcc_ex.o      868
    stm32l4xx_hal_spi.o         990
    stm32l4xx_hal_uart.o      1'162
    -------------------------------------------------
    Total:                    8'188        5       12

dl7M_tln.a: [12]
    exit.o                        4
    low_level_init.o              4
    -------------------------------------------------
    Total:                        8

m7M_tls.a: [13]
    DblAddSub.o                 590
    DblMul.o                    426
    DblToFlt.o                  104
    S32ToDbl.o                   34
    U32ToDbl.o                   28
    fpinit_M.o                   34
    -------------------------------------------------
    Total:                    1'216

rt7M_tl.a: [14]
    ABImemcpy_small.o            24
    ABImemset.o                 102
    I64DivMod_small.o           262
    I64DivZer.o                   2
    cexit.o                      10
    cmain.o                      30
    cstartup_M.o                 28
    data_init.o                  40
    lz77_init_single.o          126
    memset.o                     20
    zero_init3.o                 56
    -------------------------------------------------
    Total:                      700

shb_l.a: [15]
    exit.o                       20
    -------------------------------------------------
    Total:                       20

    Gaps                         24        2        1
    Linker created                        32    1'024
-----------------------------------------------------
    Grand Total:             16'210      984    5'556


*******************************************************************************
*** ENTRY LIST
***

Entry                       Address   Size  Type      Object
-----                       -------   ----  ----      ------
.iar.init_table$$Base    0x800'3e24          --   Gb  - Linker created -
.iar.init_table$$Limit   0x800'3e44          --   Gb  - Linker created -
?main                    0x800'3e45         Code  Gb  cmain.o [14]
ADC1_IRQHandler          0x800'3f05         Code  Wk  startup_stm32l432xx.o [1]
ADC_DMAConvCplt          0x800'10e9   0x6c  Code  Gb  stm32l4xx_hal_adc.o [11]
ADC_DMAError             0x800'115d   0x16  Code  Gb  stm32l4xx_hal_adc.o [11]
ADC_DMAHalfConvCplt      0x800'1155    0x6  Code  Gb  stm32l4xx_hal_adc.o [11]
ADC_Enable               0x800'1059   0x50  Code  Gb  stm32l4xx_hal_adc.o [11]
AHBPrescTable            0x800'3d60   0x10  Data  Gb  system_stm32l4xx.o [10]
APBPrescTable            0x800'3eb8    0x8  Data  Gb  system_stm32l4xx.o [10]
BackgroundColorPixel     0x800'3095    0x4  Code  Gb  generic_game.o [5]
BackgroundFillBox        0x800'3099   0x72  Code  Gb  generic_game.o [5]
BusFault_Handler         0x800'3c3f    0x2  Code  Gb  stm32l4xx_it.o [2]
CAN1_RX0_IRQHandler      0x800'3f0d         Code  Wk  startup_stm32l432xx.o [1]
CAN1_RX1_IRQHandler      0x800'3f11         Code  Wk  startup_stm32l432xx.o [1]
CAN1_SCE_IRQHandler      0x800'3f15         Code  Wk  startup_stm32l432xx.o [1]
CAN1_TX_IRQHandler       0x800'3f09         Code  Wk  startup_stm32l432xx.o [1]
COMP_IRQHandler          0x800'3f6d         Code  Wk  startup_stm32l432xx.o [1]
CRS_IRQHandler           0x800'3fa9         Code  Wk  startup_stm32l432xx.o [1]
CSTACK$$Base            0x2000'11b8          --   Gb  - Linker created -
CSTACK$$Limit           0x2000'15b8          --   Gb  - Linker created -
CoinController           0x800'3567   0x58  Code  Gb  coin_obj.o [8]
CosSim                   0x800'2abd   0x1c  Code  Gb  rover_math.o [9]
DMA1_Channel1_IRQHandler
                         0x800'3ce7   0x10  Code  Gb  stm32l4xx_it.o [2]
DMA1_Channel2_IRQHandler
                         0x800'3eed         Code  Wk  startup_stm32l432xx.o [1]
DMA1_Channel3_IRQHandler
                         0x800'3ef1         Code  Wk  startup_stm32l432xx.o [1]
DMA1_Channel4_IRQHandler
                         0x800'3ef5         Code  Wk  startup_stm32l432xx.o [1]
DMA1_Channel5_IRQHandler
                         0x800'3ef9         Code  Wk  startup_stm32l432xx.o [1]
DMA1_Channel6_IRQHandler
                         0x800'3efd         Code  Wk  startup_stm32l432xx.o [1]
DMA1_Channel7_IRQHandler
                         0x800'3f01         Code  Wk  startup_stm32l432xx.o [1]
DMA2_Channel1_IRQHandler
                         0x800'3f59         Code  Wk  startup_stm32l432xx.o [1]
DMA2_Channel2_IRQHandler
                         0x800'3f5d         Code  Wk  startup_stm32l432xx.o [1]
DMA2_Channel3_IRQHandler
                         0x800'3f61         Code  Wk  startup_stm32l432xx.o [1]
DMA2_Channel4_IRQHandler
                         0x800'3f65         Code  Wk  startup_stm32l432xx.o [1]
DMA2_Channel5_IRQHandler
                         0x800'3f69         Code  Wk  startup_stm32l432xx.o [1]
DMA2_Channel6_IRQHandler
                         0x800'3f7d         Code  Wk  startup_stm32l432xx.o [1]
DMA2_Channel7_IRQHandler
                         0x800'3f81         Code  Wk  startup_stm32l432xx.o [1]
DMA_SetConfig            0x800'15bf   0x28  Code  Lc  stm32l4xx_hal_dma.o [11]
DebugMon_Handler         0x800'3c45    0x2  Code  Gb  stm32l4xx_it.o [2]
DisplayObjectLoc         0x800'2883   0x76  Code  Gb  rover_game.o [7]
EXTI0_IRQHandler         0x800'3ed9         Code  Wk  startup_stm32l432xx.o [1]
EXTI15_10_IRQHandler     0x800'3f45         Code  Wk  startup_stm32l432xx.o [1]
EXTI1_IRQHandler         0x800'3edd         Code  Wk  startup_stm32l432xx.o [1]
EXTI2_IRQHandler         0x800'3ee1         Code  Wk  startup_stm32l432xx.o [1]
EXTI3_IRQHandler         0x800'3ee5         Code  Wk  startup_stm32l432xx.o [1]
EXTI4_IRQHandler         0x800'3ee9         Code  Wk  startup_stm32l432xx.o [1]
EXTI9_5_IRQHandler       0x800'3f19         Code  Wk  startup_stm32l432xx.o [1]
Error_Handler            0x800'1afd    0x8  Code  Gb  main.o [2]
FLASH_IRQHandler         0x800'3ed1         Code  Wk  startup_stm32l432xx.o [1]
FPU_IRQHandler           0x800'3fa5         Code  Wk  startup_stm32l432xx.o [1]
FillNewBackgroundObj     0x800'310b  0x134  Code  Gb  generic_game.o [5]
HAL_ADC_ConfigChannel    0x800'0cd9  0x334  Code  Gb  stm32l4xx_hal_adc.o [11]
HAL_ADC_ConvCpltCallback
                         0x800'15e7    0x2  Code  Wk  stm32l4xx_hal_adc.o [11]
HAL_ADC_ConvHalfCpltCallback
                         0x800'15eb    0x2  Code  Wk  stm32l4xx_hal_adc.o [11]
HAL_ADC_ErrorCallback    0x800'15e9    0x2  Code  Wk  stm32l4xx_hal_adc.o [11]
HAL_ADC_Init             0x800'0a9f  0x18a  Code  Gb  stm32l4xx_hal_adc.o [11]
HAL_ADC_MspInit          0x800'121d   0x9e  Code  Gb  stm32l4xx_hal_msp.o [2]
HAL_ADC_Start_DMA        0x800'0c29   0xa6  Code  Gb  stm32l4xx_hal_adc.o [11]
HAL_DMA_IRQHandler       0x800'14fd   0xb2  Code  Gb  stm32l4xx_hal_dma.o [11]
HAL_DMA_Init             0x800'13c1   0xaa  Code  Gb  stm32l4xx_hal_dma.o [11]
HAL_DMA_Start_IT         0x800'1489   0x74  Code  Gb  stm32l4xx_hal_dma.o [11]
HAL_Delay                0x800'2ee5   0x28  Code  Wk  stm32l4xx_hal.o [11]
HAL_GPIO_Init            0x800'15ed  0x19a  Code  Gb  stm32l4xx_hal_gpio.o [11]
HAL_GPIO_WritePin        0x800'1787    0xa  Code  Gb  stm32l4xx_hal_gpio.o [11]
HAL_GetTick              0x800'0901    0xc  Code  Wk  stm32l4xx_hal.o [11]
HAL_IncTick              0x800'3d05   0x10  Code  Wk  stm32l4xx_hal.o [11]
HAL_Init                 0x800'1b71   0x1e  Code  Gb  stm32l4xx_hal.o [11]
HAL_InitTick             0x800'08bd   0x44  Code  Wk  stm32l4xx_hal.o [11]
HAL_MspInit              0x800'11f1   0x2c  Code  Gb  stm32l4xx_hal_msp.o [2]
HAL_NVIC_EnableIRQ       0x800'09f7   0x16  Code  Gb  stm32l4xx_hal_cortex.o [11]
HAL_NVIC_SetPriority     0x800'09bd   0x3a  Code  Gb  stm32l4xx_hal_cortex.o [11]
HAL_NVIC_SetPriorityGrouping
                         0x800'09a3   0x1a  Code  Gb  stm32l4xx_hal_cortex.o [11]
HAL_PWREx_ControlVoltageScaling
                         0x800'0919   0x62  Code  Gb  stm32l4xx_hal_pwr_ex.o [11]
HAL_PWREx_GetVoltageRange
                         0x800'090d    0xc  Code  Gb  stm32l4xx_hal_pwr_ex.o [11]
HAL_PWR_EnableBkUpAccess
                         0x800'2b71    0xc  Code  Gb  stm32l4xx_hal_pwr.o [11]
HAL_RCCEx_EnableMSIPLLMode
                         0x800'2db3    0xc  Code  Gb  stm32l4xx_hal_rcc_ex.o [11]
HAL_RCCEx_PeriphCLKConfig
                         0x800'2b81  0x22c  Code  Gb  stm32l4xx_hal_rcc_ex.o [11]
HAL_RCC_ClockConfig      0x800'0637  0x100  Code  Gb  stm32l4xx_hal_rcc.o [11]
HAL_RCC_GetPCLK1Freq     0x800'07dd   0x10  Code  Gb  stm32l4xx_hal_rcc.o [11]
HAL_RCC_GetPCLK2Freq     0x800'07ed    0xe  Code  Gb  stm32l4xx_hal_rcc.o [11]
HAL_RCC_GetSysClockFreq
                         0x800'074b   0x92  Code  Gb  stm32l4xx_hal_rcc.o [11]
HAL_RCC_OscConfig        0x800'018d  0x47e  Code  Gb  stm32l4xx_hal_rcc.o [11]
HAL_SPI_Init             0x800'1b91   0xa2  Code  Gb  stm32l4xx_hal_spi.o [11]
HAL_SPI_MspInit          0x800'12c7   0x48  Code  Gb  stm32l4xx_hal_msp.o [2]
HAL_SPI_Transmit         0x800'1c3f  0x15e  Code  Gb  stm32l4xx_hal_spi.o [11]
HAL_SYSTICK_Config       0x800'0a0d   0x22  Code  Gb  stm32l4xx_hal_cortex.o [11]
HAL_UART_Init            0x800'1f71   0x30  Code  Gb  stm32l4xx_hal_uart.o [11]
HAL_UART_MspInit         0x800'1327   0x6e  Code  Gb  stm32l4xx_hal_msp.o [2]
HardFault_Handler        0x800'3c3b    0x2  Code  Gb  stm32l4xx_it.o [2]
I2C1_ER_IRQHandler       0x800'3f35         Code  Wk  startup_stm32l432xx.o [1]
I2C1_EV_IRQHandler       0x800'3f31         Code  Wk  startup_stm32l432xx.o [1]
I2C3_ER_IRQHandler       0x800'3f91         Code  Wk  startup_stm32l432xx.o [1]
I2C3_EV_IRQHandler       0x800'3f8d         Code  Wk  startup_stm32l432xx.o [1]
InitializeObjDisp        0x800'2665  0x152  Code  Gb  rover_game.o [7]
LL_ADC_GetOffsetChannel
                         0x800'0a4d    0xe  Code  Lc  stm32l4xx_hal_adc.o [11]
LL_ADC_REG_IsTriggerSourceSWStart
                         0x800'0a6d    0xe  Code  Lc  stm32l4xx_hal_adc.o [11]
LL_ADC_SetChannelSamplingTime
                         0x800'0a7b   0x24  Code  Lc  stm32l4xx_hal_adc.o [11]
LL_ADC_SetOffsetState    0x800'0a5b   0x12  Code  Lc  stm32l4xx_hal_adc.o [11]
LPTIM1_IRQHandler        0x800'3f71         Code  Wk  startup_stm32l432xx.o [1]
LPTIM2_IRQHandler        0x800'3f75         Code  Wk  startup_stm32l432xx.o [1]
LPUART1_IRQHandler       0x800'3f85         Code  Wk  startup_stm32l432xx.o [1]
MSIRangeTable            0x800'3da8   0x30  Data  Gb  system_stm32l4xx.o [10]
MemManage_Handler        0x800'3c3d    0x2  Code  Gb  stm32l4xx_it.o [2]
MultMatrix               0x800'2b35   0x3a  Code  Gb  rover_math.o [9]
NMI_Handler              0x800'3c39    0x2  Code  Gb  stm32l4xx_it.o [2]
ObjectPositionCalc       0x800'284d   0x36  Code  Gb  rover_game.o [7]
PVD_PVM_IRQHandler       0x800'3ec5         Code  Wk  startup_stm32l432xx.o [1]
PendSV_Handler           0x800'3c47    0x2  Code  Gb  stm32l4xx_it.o [2]
QUADSPI_IRQHandler       0x800'3f89         Code  Wk  startup_stm32l432xx.o [1]
RCCEx_PLLSAI1_Config     0x800'2dbf   0xfa  Code  Lc  stm32l4xx_hal_rcc_ex.o [11]
RCC_IRQHandler           0x800'3ed5         Code  Wk  startup_stm32l432xx.o [1]
RCC_SetFlashLatencyFromMSIRange
                         0x800'0805   0x74  Code  Lc  stm32l4xx_hal_rcc.o [11]
RNG_IRQHandler           0x800'3fa1         Code  Wk  startup_stm32l432xx.o [1]
RTC_Alarm_IRQHandler     0x800'3f49         Code  Wk  startup_stm32l432xx.o [1]
RTC_WKUP_IRQHandler      0x800'3ecd         Code  Wk  startup_stm32l432xx.o [1]
RefreshObjectDetails     0x800'28f9   0x10  Code  Gb  rover_game.o [7]
Region$$Table$$Base      0x800'3e24          --   Gb  - Linker created -
Region$$Table$$Limit     0x800'3e44          --   Gb  - Linker created -
Reset_Handler            0x800'3ea9         Code  Wk  startup_stm32l432xx.o [1]
RoverController          0x800'3627  0x126  Code  Gb  rover_obj.o [8]
RoverLimitLoc            0x800'35f1   0x36  Code  Gb  rover_obj.o [8]
RunGamePlay              0x800'27b7   0x8a  Code  Gb  rover_game.o [7]
SAI1_IRQHandler          0x800'3f95         Code  Wk  startup_stm32l432xx.o [1]
SPI1_IRQHandler          0x800'3f39         Code  Wk  startup_stm32l432xx.o [1]
SPI3_IRQHandler          0x800'3f4d         Code  Wk  startup_stm32l432xx.o [1]
SPI_EndRxTxTransaction   0x800'1f27   0x2e  Code  Lc  stm32l4xx_hal_spi.o [11]
SPI_WaitFifoStateUntilTimeout
                         0x800'1e85   0x8a  Code  Lc  stm32l4xx_hal_spi.o [11]
SPI_WaitFlagStateUntilTimeout
                         0x800'1dff   0x86  Code  Lc  stm32l4xx_hal_spi.o [11]
SVC_Handler              0x800'3c43    0x2  Code  Gb  stm32l4xx_it.o [2]
SWPMI1_IRQHandler        0x800'3f99         Code  Wk  startup_stm32l432xx.o [1]
SetObjectColor           0x800'3257  0x1e2  Code  Gb  generic_game.o [5]
SinSim                   0x800'2a9f   0x1e  Code  Gb  rover_math.o [9]
SysTick_Handler          0x800'3c49   0x9e  Code  Gb  stm32l4xx_it.o [2]
SystemClock_Config       0x800'19dd   0xd2  Code  Gb  main.o [2]
SystemCoreClock         0x2000'0900    0x4  Data  Gb  system_stm32l4xx.o [10]
SystemInit               0x800'3d15   0x3c  Code  Gb  system_stm32l4xx.o [10]
TAMP_STAMP_IRQHandler    0x800'3ec9         Code  Wk  startup_stm32l432xx.o [1]
TIM1_BRK_TIM15_IRQHandler
                         0x800'3f1d         Code  Wk  startup_stm32l432xx.o [1]
TIM1_CC_IRQHandler       0x800'3f29         Code  Wk  startup_stm32l432xx.o [1]
TIM1_TRG_COM_IRQHandler
                         0x800'3f25         Code  Wk  startup_stm32l432xx.o [1]
TIM1_UP_TIM16_IRQHandler
                         0x800'3f21         Code  Wk  startup_stm32l432xx.o [1]
TIM2_IRQHandler          0x800'3f2d         Code  Wk  startup_stm32l432xx.o [1]
TIM6_DAC_IRQHandler      0x800'3f51         Code  Wk  startup_stm32l432xx.o [1]
TIM7_IRQHandler          0x800'3f55         Code  Wk  startup_stm32l432xx.o [1]
TSC_IRQHandler           0x800'3f9d         Code  Wk  startup_stm32l432xx.o [1]
UART_AdvFeatureConfig    0x800'2245   0xc6  Code  Gb  stm32l4xx_hal_uart.o [11]
UART_CheckIdleState      0x800'230b   0x5c  Code  Gb  stm32l4xx_hal_uart.o [11]
UART_SetConfig           0x800'1ff1  0x224  Code  Gb  stm32l4xx_hal_uart.o [11]
UART_WaitOnFlagUntilTimeout
                         0x800'2367   0x72  Code  Gb  stm32l4xx_hal_uart.o [11]
USART1_IRQHandler        0x800'3f3d         Code  Wk  startup_stm32l432xx.o [1]
USART2_IRQHandler        0x800'3f41         Code  Wk  startup_stm32l432xx.o [1]
USB_IRQHandler           0x800'3f79         Code  Wk  startup_stm32l432xx.o [1]
UsageFault_Handler       0x800'3c41    0x2  Code  Gb  stm32l4xx_it.o [2]
WWDG_IRQHandler          0x800'3ec1         Code  Wk  startup_stm32l432xx.o [1]
__NVIC_SetPriority       0x800'0989   0x1a  Code  Lc  stm32l4xx_hal_cortex.o [11]
__aeabi_d2f              0x800'3bcd         Code  Gb  DblToFlt.o [13]
__aeabi_dadd             0x800'397d         Code  Gb  DblAddSub.o [13]
__aeabi_dmul             0x800'37d1         Code  Gb  DblMul.o [13]
__aeabi_i2d              0x800'3791         Code  Gb  S32ToDbl.o [13]
__aeabi_ldiv0            0x800'3c35         Code  Gb  I64DivZer.o [14]
__aeabi_memset           0x800'2f0d         Code  Gb  ABImemset.o [14]
__aeabi_ui2d             0x800'37b5         Code  Gb  U32ToDbl.o [13]
__cmain                  0x800'3e45         Code  Gb  cmain.o [14]
__exit                   0x800'3e79   0x14  Code  Gb  exit.o [15]
__iar_Memset             0x800'2f0d         Code  Gb  ABImemset.o [14]
__iar_Memset_word        0x800'2f15         Code  Gb  ABImemset.o [14]
__iar_data_init3         0x800'3dd9   0x28  Code  Gb  data_init.o [14]
__iar_init_vfp           0x800'3e01         Code  Gb  fpinit_M.o [13]
__iar_lz77_init_single3
                         0x800'1173   0x7e  Code  Gb  lz77_init_single.o [14]
__iar_program_start      0x800'3e8d         Code  Gb  cstartup_M.o [14]
__iar_small_Memcpy       0x800'3081         Code  Gb  ABImemcpy_small.o [14]
__iar_small_memcpy       0x800'307d         Code  Gb  ABImemcpy_small.o [14]
__iar_small_memcpy4      0x800'307d         Code  Gb  ABImemcpy_small.o [14]
__iar_small_memcpy8      0x800'307d         Code  Gb  ABImemcpy_small.o [14]
__iar_small_uldivmod     0x800'2f75         Code  Gb  I64DivMod_small.o [14]
__iar_zero_init3         0x800'3d71   0x38  Code  Gb  zero_init3.o [14]
__low_level_init         0x800'3e63    0x4  Code  Gb  low_level_init.o [12]
__vector_table           0x800'0000         Data  Gb  startup_stm32l432xx.o [1]
_call_main               0x800'3e51         Code  Gb  cmain.o [14]
_exit                    0x800'3e6d         Code  Gb  cexit.o [14]
adcFlag                 0x2000'11b6    0x1  Data  Gb  stm32l4xx_it.o [2]
adcResults              0x2000'1148    0x8  Data  Gb  joystick.o [6]
allAdcResults           0x2000'1150   0x28  Data  Gb  joystick.o [6]
allObjColorTypes        0x2000'0718    0x8  Data  Gb  rover_game.o [7]
allObjColors            0x2000'0720    0x8  Data  Gb  rover_game.o [7]
arrayValid              0x2000'1145    0x1  Data  Gb  joystick.o [6]
checkerBoard             0x800'3769   0x28  Code  Gb  background.o [3]
checkerColors           0x2000'0004    0x8  Data  Gb  background.o [3]
circularCounter         0x2000'1144    0x1  Data  Gb  joystick.o [6]
coin1                   0x2000'0040   0x1c  Data  Gb  coin_obj.o [8]
coinColorTypes          0x2000'0078    0x8  Data  Gb  coin_obj.o [8]
coinColors              0x2000'000c   0x34  Data  Gb  coin_obj.o [8]
coininterval            0x2000'0904    0x1  Data  Gb  rover_game.o [7]
coinsObj                0x2000'0728   0x10  Data  Gb  rover_game.o [7]
collisionThere           0x800'3439  0x108  Code  Gb  generic_game.o [5]
countFlag1000Ms         0x2000'118a    0x2  Data  Gb  stm32l4xx_it.o [2]
countFlag100Ms          0x2000'1186    0x2  Data  Gb  stm32l4xx_it.o [2]
countFlag10Ms           0x2000'1182    0x2  Data  Gb  stm32l4xx_it.o [2]
countFlag25Ms           0x2000'1184    0x2  Data  Gb  stm32l4xx_it.o [2]
countFlag3Ms            0x2000'1180    0x2  Data  Gb  stm32l4xx_it.o [2]
countFlag500Ms          0x2000'1188    0x2  Data  Gb  stm32l4xx_it.o [2]
deactivateCoin           0x800'35bf   0x2e  Code  Gb  coin_obj.o [8]
dispObjects             0x2000'0480  0x21c  Data  Gb  rover_game.o [7]
exit                     0x800'3e67    0x4  Code  Gb  exit.o [12]
finalADCResults         0x2000'11a8    0x8  Data  Gb  joystick.o [6]
flag1000MsPassed        0x2000'117d    0x1  Data  Gb  stm32l4xx_it.o [2]
flag100MsPassed         0x2000'117b    0x1  Data  Gb  stm32l4xx_it.o [2]
flag10MsPassed          0x2000'1179    0x1  Data  Gb  stm32l4xx_it.o [2]
flag25MsPassed          0x2000'117a    0x1  Data  Gb  stm32l4xx_it.o [2]
flag3MsPassed           0x2000'1178    0x1  Data  Gb  stm32l4xx_it.o [2]
flag500MsPassed         0x2000'117c    0x1  Data  Gb  stm32l4xx_it.o [2]
font8by8                0x2000'069c   0x24  Data  Gb  rover_game.o [7]
font8x8_basic           0x2000'0080  0x400  Data  Gb  displayST7735.o [4]
gameObjects             0x2000'0e80  0x12c  Data  Gb  rover_game.o [7]
getRandNum               0x800'2a45   0x20  Code  Gb  rover_math.o [9]
hadc1                   0x2000'1098   0x64  Data  Gb  main.o [2]
hdma_adc1               0x2000'10fc   0x48  Data  Gb  main.o [2]
hspi1                   0x2000'0fb0   0x64  Data  Gb  main.o [2]
huart2                  0x2000'1014   0x80  Data  Gb  main.o [2]
initADC                  0x800'29f1    0x4  Code  Gb  joystick.o [6]
initDisplay              0x800'2485   0x46  Code  Gb  displayST7735.o [4]
initRNG                  0x800'1aaf   0x4e  Code  Gb  main.o [2]
initRoverGame            0x800'2909   0x3c  Code  Gb  rover_game.o [7]
joystickVal             0x2000'11b0    0x4  Data  Gb  rover_game.o [7]
leftTopCorner           0x2000'06c0    0x2  Data  Gb  rover_game.o [7]
main                     0x800'17a5  0x238  Code  Gb  main.o [2]
memset                   0x800'1b5d   0x14  Code  Gb  memset.o [14]
numActiveCoins          0x2000'11b4    0x1  Data  Gb  coin_obj.o [8]
objPixelSpace           0x2000'0908  0x320  Data  Gb  rover_game.o [7]
objPxHeight             0x2000'06fc   0x1c  Data  Gb  rover_game.o [7]
objPxWidth              0x2000'06e0   0x1c  Data  Gb  rover_game.o [7]
orgCoin1                0x2000'005c   0x1c  Data  Gb  coin_obj.o [8]
ranNum                  0x2000'1094    0x4  Data  Gb  main.o [2]
randSTM32L4x             0x800'2a65   0x3a  Code  Gb  rover_math.o [9]
rov1Obj                 0x2000'06c4   0x18  Data  Gb  rover_game.o [7]
roverAngle              0x2000'06dc    0x2  Data  Gb  rover_game.o [7]
roverAngledColorType    0x2000'0818   0xc4  Data  Gb  rover_obj.o [8]
roverColorTypes         0x2000'08dc    0x8  Data  Gb  rover_obj.o [8]
roverColors             0x2000'0738   0x1c  Data  Gb  rover_obj.o [8]
roverGameScore          0x2000'11a6    0x2  Data  Gb  rover_game.o [7]
roverJoyGain            0x2000'08e4   0x10  Data  Gb  rover_obj.o [8]
roverStraightColorType  0x2000'0754   0xc4  Data  Gb  rover_obj.o [8]
rowData                 0x2000'11b5    0x1  Data  Gb  displayST7735.o [4]
runADC                   0x800'2965   0x8c  Code  Gb  joystick.o [6]
runJoystick              0x800'29fb   0x36  Code  Gb  joystick.o [6]
runningTrue             0x2000'117e    0x1  Data  Gb  stm32l4xx_it.o [2]
setCoinColor             0x800'3541   0x26  Code  Gb  coin_obj.o [8]
setColumnRowRange        0x800'23fd   0x5e  Code  Gb  displayST7735.o [4]
setDisplay              0x2000'0fac    0x1  Data  Gb  main.o [2]
speedColorArr           0x2000'0c28  0x258  Data  Gb  displayST7735.o [4]
thickness               0x2000'0000    0x1  Data  Gb  background.o [3]
timeDisp                0x2000'118e    0x2  Data  Gb  main.o [2]
timeDisplayMS           0x2000'118c    0x2  Data  Gb  stm32l4xx_it.o [2]
transmitArr             0x2000'1190   0x14  Data  Gb  displayST7735.o [4]
uwTick                  0x2000'08f4    0x4  Data  Gb  stm32l4xx_hal.o [11]
uwTickFreq              0x2000'08fc    0x4  Data  Gb  stm32l4xx_hal.o [11]
uwTickPrio              0x2000'08f8    0x4  Data  Gb  stm32l4xx_hal.o [11]
writeColorArray          0x800'24cb   0x72  Code  Gb  displayST7735.o [4]
writeDisplayCommand      0x800'245b   0x2a  Code  Gb  displayST7735.o [4]
writeText                0x800'2547  0x108  Code  Gb  displayST7735.o [4]
zeroNum                 0x2000'11a4    0x1  Data  Gb  displayST7735.o [4]


[1] = C:\Users\Ishan\Desktop\STM32\Rover-Coin-Game\EWARM\Rover-Coin-Game\Obj\Application\EWARM
[2] = C:\Users\Ishan\Desktop\STM32\Rover-Coin-Game\EWARM\Rover-Coin-Game\Obj\Application\User
[3] = C:\Users\Ishan\Desktop\STM32\Rover-Coin-Game\EWARM\Rover-Coin-Game\Obj\Application\User\Modules\background
[4] = C:\Users\Ishan\Desktop\STM32\Rover-Coin-Game\EWARM\Rover-Coin-Game\Obj\Application\User\Modules\displayST7735
[5] = C:\Users\Ishan\Desktop\STM32\Rover-Coin-Game\EWARM\Rover-Coin-Game\Obj\Application\User\Modules\generic_game
[6] = C:\Users\Ishan\Desktop\STM32\Rover-Coin-Game\EWARM\Rover-Coin-Game\Obj\Application\User\Modules\joystick
[7] = C:\Users\Ishan\Desktop\STM32\Rover-Coin-Game\EWARM\Rover-Coin-Game\Obj\Application\User\Modules\roverGame
[8] = C:\Users\Ishan\Desktop\STM32\Rover-Coin-Game\EWARM\Rover-Coin-Game\Obj\Application\User\Modules\roverGame\game_obj
[9] = C:\Users\Ishan\Desktop\STM32\Rover-Coin-Game\EWARM\Rover-Coin-Game\Obj\Application\User\Modules\roverGame\rover_math
[10] = C:\Users\Ishan\Desktop\STM32\Rover-Coin-Game\EWARM\Rover-Coin-Game\Obj\Drivers\CMSIS
[11] = C:\Users\Ishan\Desktop\STM32\Rover-Coin-Game\EWARM\Rover-Coin-Game\Obj\Drivers\STM32L4xx_HAL_Driver
[12] = dl7M_tln.a
[13] = m7M_tls.a
[14] = rt7M_tl.a
[15] = shb_l.a

  16'210 bytes of readonly  code memory
     984 bytes of readonly  data memory
   5'556 bytes of readwrite data memory

Errors: none
Warnings: none
