###############################################################################
#
# IAR ELF Linker V9.30.1.335/W64 for ARM                  08/Apr/2024  13:57:06
# Copyright 2007-2022 IAR Systems AB.
#
#    Output file  =
#        C:\Users\Ishan\Desktop\STM32\Rover-Coin-Game\EWARM\Rover-Coin-Game\Exe\Rover-Coin-Game.out
#    Map file     =
#        C:\Users\Ishan\Desktop\STM32\Rover-Coin-Game\EWARM\Rover-Coin-Game\List\Rover-Coin-Game.map
#    Command line =
#        -f
#        C:\Users\Ishan\Desktop\STM32\Rover-Coin-Game\EWARM\Rover-Coin-Game\Exe\Rover-Coin-Game.out.rsp
#        (C:\Users\Ishan\Desktop\STM32\Rover-Coin-Game\EWARM\Rover-Coin-Game\Obj\Application\User\Modules\background\background.o
#        C:\Users\Ishan\Desktop\STM32\Rover-Coin-Game\EWARM\Rover-Coin-Game\Obj\Application\User\Modules\roverGame\game_obj\coin_obj.o
#        C:\Users\Ishan\Desktop\STM32\Rover-Coin-Game\EWARM\Rover-Coin-Game\Obj\Application\User\Modules\displayST7735\displayST7735.o
#        C:\Users\Ishan\Desktop\STM32\Rover-Coin-Game\EWARM\Rover-Coin-Game\Obj\Application\User\Modules\generic_game\generic_game.o
#        C:\Users\Ishan\Desktop\STM32\Rover-Coin-Game\EWARM\Rover-Coin-Game\Obj\Application\User\Modules\joystick\joystick.o
#        C:\Users\Ishan\Desktop\STM32\Rover-Coin-Game\EWARM\Rover-Coin-Game\Obj\Application\User\main.o
#        C:\Users\Ishan\Desktop\STM32\Rover-Coin-Game\EWARM\Rover-Coin-Game\Obj\Application\User\Modules\roverGame\rover_game.o
#        C:\Users\Ishan\Desktop\STM32\Rover-Coin-Game\EWARM\Rover-Coin-Game\Obj\Application\User\Modules\roverGame\rover_math\rover_math.o
#        C:\Users\Ishan\Desktop\STM32\Rover-Coin-Game\EWARM\Rover-Coin-Game\Obj\Application\User\Modules\roverGame\game_obj\rover_obj.o
#        C:\Users\Ishan\Desktop\STM32\Rover-Coin-Game\EWARM\Rover-Coin-Game\Obj\Application\EWARM\startup_stm32l432xx.o
#        C:\Users\Ishan\Desktop\STM32\Rover-Coin-Game\EWARM\Rover-Coin-Game\Obj\Drivers\STM32L4xx_HAL_Driver\stm32l4xx_hal.o
#        C:\Users\Ishan\Desktop\STM32\Rover-Coin-Game\EWARM\Rover-Coin-Game\Obj\Drivers\STM32L4xx_HAL_Driver\stm32l4xx_hal_adc.o
#        C:\Users\Ishan\Desktop\STM32\Rover-Coin-Game\EWARM\Rover-Coin-Game\Obj\Drivers\STM32L4xx_HAL_Driver\stm32l4xx_hal_adc_ex.o
#        C:\Users\Ishan\Desktop\STM32\Rover-Coin-Game\EWARM\Rover-Coin-Game\Obj\Drivers\STM32L4xx_HAL_Driver\stm32l4xx_hal_cortex.o
#        C:\Users\Ishan\Desktop\STM32\Rover-Coin-Game\EWARM\Rover-Coin-Game\Obj\Drivers\STM32L4xx_HAL_Driver\stm32l4xx_hal_dma.o
#        C:\Users\Ishan\Desktop\STM32\Rover-Coin-Game\EWARM\Rover-Coin-Game\Obj\Drivers\STM32L4xx_HAL_Driver\stm32l4xx_hal_dma_ex.o
#        C:\Users\Ishan\Desktop\STM32\Rover-Coin-Game\EWARM\Rover-Coin-Game\Obj\Drivers\STM32L4xx_HAL_Driver\stm32l4xx_hal_exti.o
#        C:\Users\Ishan\Desktop\STM32\Rover-Coin-Game\EWARM\Rover-Coin-Game\Obj\Drivers\STM32L4xx_HAL_Driver\stm32l4xx_hal_flash.o
#        C:\Users\Ishan\Desktop\STM32\Rover-Coin-Game\EWARM\Rover-Coin-Game\Obj\Drivers\STM32L4xx_HAL_Driver\stm32l4xx_hal_flash_ex.o
#        C:\Users\Ishan\Desktop\STM32\Rover-Coin-Game\EWARM\Rover-Coin-Game\Obj\Drivers\STM32L4xx_HAL_Driver\stm32l4xx_hal_flash_ramfunc.o
#        C:\Users\Ishan\Desktop\STM32\Rover-Coin-Game\EWARM\Rover-Coin-Game\Obj\Drivers\STM32L4xx_HAL_Driver\stm32l4xx_hal_gpio.o
#        C:\Users\Ishan\Desktop\STM32\Rover-Coin-Game\EWARM\Rover-Coin-Game\Obj\Drivers\STM32L4xx_HAL_Driver\stm32l4xx_hal_i2c.o
#        C:\Users\Ishan\Desktop\STM32\Rover-Coin-Game\EWARM\Rover-Coin-Game\Obj\Drivers\STM32L4xx_HAL_Driver\stm32l4xx_hal_i2c_ex.o
#        C:\Users\Ishan\Desktop\STM32\Rover-Coin-Game\EWARM\Rover-Coin-Game\Obj\Application\User\stm32l4xx_hal_msp.o
#        C:\Users\Ishan\Desktop\STM32\Rover-Coin-Game\EWARM\Rover-Coin-Game\Obj\Drivers\STM32L4xx_HAL_Driver\stm32l4xx_hal_pwr.o
#        C:\Users\Ishan\Desktop\STM32\Rover-Coin-Game\EWARM\Rover-Coin-Game\Obj\Drivers\STM32L4xx_HAL_Driver\stm32l4xx_hal_pwr_ex.o
#        C:\Users\Ishan\Desktop\STM32\Rover-Coin-Game\EWARM\Rover-Coin-Game\Obj\Drivers\STM32L4xx_HAL_Driver\stm32l4xx_hal_rcc.o
#        C:\Users\Ishan\Desktop\STM32\Rover-Coin-Game\EWARM\Rover-Coin-Game\Obj\Drivers\STM32L4xx_HAL_Driver\stm32l4xx_hal_rcc_ex.o
#        C:\Users\Ishan\Desktop\STM32\Rover-Coin-Game\EWARM\Rover-Coin-Game\Obj\Drivers\STM32L4xx_HAL_Driver\stm32l4xx_hal_spi.o
#        C:\Users\Ishan\Desktop\STM32\Rover-Coin-Game\EWARM\Rover-Coin-Game\Obj\Drivers\STM32L4xx_HAL_Driver\stm32l4xx_hal_spi_ex.o
#        C:\Users\Ishan\Desktop\STM32\Rover-Coin-Game\EWARM\Rover-Coin-Game\Obj\Drivers\STM32L4xx_HAL_Driver\stm32l4xx_hal_tim.o
#        C:\Users\Ishan\Desktop\STM32\Rover-Coin-Game\EWARM\Rover-Coin-Game\Obj\Drivers\STM32L4xx_HAL_Driver\stm32l4xx_hal_tim_ex.o
#        C:\Users\Ishan\Desktop\STM32\Rover-Coin-Game\EWARM\Rover-Coin-Game\Obj\Drivers\STM32L4xx_HAL_Driver\stm32l4xx_hal_uart.o
#        C:\Users\Ishan\Desktop\STM32\Rover-Coin-Game\EWARM\Rover-Coin-Game\Obj\Drivers\STM32L4xx_HAL_Driver\stm32l4xx_hal_uart_ex.o
#        C:\Users\Ishan\Desktop\STM32\Rover-Coin-Game\EWARM\Rover-Coin-Game\Obj\Application\User\stm32l4xx_it.o
#        C:\Users\Ishan\Desktop\STM32\Rover-Coin-Game\EWARM\Rover-Coin-Game\Obj\Drivers\CMSIS\system_stm32l4xx.o
#        --redirect _Printf=_PrintfFull --redirect _Scanf=_ScanfFull
#        --no_out_extension -o
#        C:\Users\Ishan\Desktop\STM32\Rover-Coin-Game\EWARM\Rover-Coin-Game\Exe\Rover-Coin-Game.out
#        --map
#        C:\Users\Ishan\Desktop\STM32\Rover-Coin-Game\EWARM\Rover-Coin-Game\List\Rover-Coin-Game.map
#        --config
#        C:\Users\Ishan\Desktop\STM32\Rover-Coin-Game\EWARM/stm32l432xx_flash.icf
#        --semihosting --entry __iar_program_start --vfe --text_out locale
#        --cpu=Cortex-M4 --fpu=VFPv4_sp)
#
###############################################################################

*******************************************************************************
*** RUNTIME MODEL ATTRIBUTES
***

CppFlavor       = *
__CPP_Runtime   = 1
__SystemLibrary = DLib
__dlib_version  = 6


*******************************************************************************
*** HEAP SELECTION
***

The basic heap was selected because --advanced_heap
was not specified and the application did not appear to
be primarily optimized for speed.


*******************************************************************************
*** PLACEMENT SUMMARY
***

"A0":  place at address 0x800'0000 { ro section .intvec };
"P1":  place in [from 0x800'0000 to 0x803'ffff] { ro };
define block CSTACK with size = 1K, alignment = 8 { };
define block HEAP with size = 512, alignment = 8 { };
"P2":  place in [from 0x2000'0000 to 0x2000'ffff] {
          rw, block CSTACK, block HEAP };
initialize by copy { rw };

  Section            Kind         Address    Size  Object
  -------            ----         -------    ----  ------
"A0":                                       0x18c
  .intvec            ro code   0x800'0000   0x18c  startup_stm32l432xx.o [1]
                             - 0x800'018c   0x18c

"P1":                                      0x49b2
  .text              ro code   0x800'018c   0x766  stm32l4xx_hal_adc.o [11]
  .text              ro code   0x800'08f2    0x7e  lz77_init_single.o [14]
  .text              ro code   0x800'0970   0x228  stm32l4xx_hal_msp.o [2]
  .text              ro code   0x800'0b98   0x226  stm32l4xx_hal_dma.o [11]
  .text              ro code   0x800'0dc0     0xc  stm32l4xx_hal.o [11]
  .text              ro code   0x800'0dcc     0x2  stm32l4xx_hal_adc.o [11]
  .text              ro code   0x800'0dce     0x2  stm32l4xx_hal_adc.o [11]
  .text              ro code   0x800'0dd0     0x2  stm32l4xx_hal_adc.o [11]
  .text              ro code   0x800'0dd4   0x364  stm32l4xx_hal_rcc_ex.o [11]
  .text              ro code   0x800'1138   0x39c  main.o [2]
  .text              ro code   0x800'14d4   0x1d8  stm32l4xx_hal_gpio.o [11]
  .text              ro code   0x800'16ac    0x14  memset.o [14]
  .text              ro code   0x800'16c0    0x1e  stm32l4xx_hal.o [11]
  .text              ro code   0x800'16e0    0xc4  stm32l4xx_hal_cortex.o [11]
  .text              ro code   0x800'17a4   0x49c  stm32l4xx_hal_spi.o [11]
  .text              ro code   0x800'1c40   0x4e8  stm32l4xx_hal_uart.o [11]
  .text              ro code   0x800'2128   0x3c4  displayST7735.o [4]
  .text              ro code   0x800'24ec    0xe0  joystick.o [6]
  .text              ro code   0x800'25cc   0x6e0  rover_game.o [7]
  .text              ro code   0x800'2cac    0x7c  stm32l4xx_hal_pwr_ex.o [11]
  .text              ro code   0x800'2d28    0x10  stm32l4xx_hal_pwr.o [11]
  .text              ro code   0x800'2d38   0x734  stm32l4xx_hal_rcc.o [11]
  .text              ro code   0x800'346c    0x28  stm32l4xx_hal.o [11]
  .text              ro code   0x800'3494    0x66  ABImemset.o [14]
  .text              ro code   0x800'34fc    0x44  stm32l4xx_hal.o [11]
  .text              ro code   0x800'3540   0x106  I64DivMod_small.o [14]
  .text              ro code   0x800'3648    0xc8  background.o [3]
  .text              ro code   0x800'3710   0x17c  rover_obj.o [8]
  .text              ro code   0x800'388c    0xf0  coin_obj.o [8]
  .text              ro code   0x800'397c   0x4a8  generic_game.o [5]
  .text              ro code   0x800'3e24    0x18  ABImemcpy_small.o [14]
  .text              ro code   0x800'3e3c     0x2  I64DivZer.o [14]
  .text              ro code   0x800'3e40   0x12a  rover_math.o [9]
  .text              ro code   0x800'3f6c    0x22  S32ToDbl.o [13]
  .text              ro code   0x800'3f90    0x1c  U32ToDbl.o [13]
  .text              ro code   0x800'3fac   0x1aa  DblMul.o [13]
  .text              ro code   0x800'4158   0x24e  DblAddSub.o [13]
  .text              ro code   0x800'43a8    0x68  DblToFlt.o [13]
  .text              ro code   0x800'4410    0xcc  stm32l4xx_it.o [2]
  .text              ro code   0x800'44dc    0x10  stm32l4xx_hal.o [11]
  .text              ro code   0x800'44ec    0x5c  system_stm32l4xx.o [10]
  .text              ro code   0x800'4548    0x38  zero_init3.o [14]
  .rodata            const     0x800'4580    0x30  system_stm32l4xx.o [10]
  .text              ro code   0x800'45b0    0x28  data_init.o [14]
  .text              ro code   0x800'45d8    0x22  fpinit_M.o [13]
  .iar.init_table    const     0x800'45fc    0x20  - Linker created -
  .text              ro code   0x800'461c    0x1e  cmain.o [14]
  .text              ro code   0x800'463a     0x4  low_level_init.o [12]
  .text              ro code   0x800'463e     0x4  exit.o [12]
  .text              ro code   0x800'4644     0xa  cexit.o [14]
  .text              ro code   0x800'4650    0x14  exit.o [15]
  .text              ro code   0x800'4664    0x1c  cstartup_M.o [14]
  .text              ro code   0x800'4680    0x10  startup_stm32l432xx.o [1]
  .rodata            const     0x800'4690     0x8  system_stm32l4xx.o [10]
  .text              ro code   0x800'4698     0x4  startup_stm32l432xx.o [1]
  .text              ro code   0x800'469c     0x4  startup_stm32l432xx.o [1]
  .text              ro code   0x800'46a0     0x4  startup_stm32l432xx.o [1]
  .text              ro code   0x800'46a4     0x4  startup_stm32l432xx.o [1]
  .text              ro code   0x800'46a8     0x4  startup_stm32l432xx.o [1]
  .text              ro code   0x800'46ac     0x4  startup_stm32l432xx.o [1]
  .text              ro code   0x800'46b0     0x4  startup_stm32l432xx.o [1]
  .text              ro code   0x800'46b4     0x4  startup_stm32l432xx.o [1]
  .text              ro code   0x800'46b8     0x4  startup_stm32l432xx.o [1]
  .text              ro code   0x800'46bc     0x4  startup_stm32l432xx.o [1]
  .text              ro code   0x800'46c0     0x4  startup_stm32l432xx.o [1]
  .text              ro code   0x800'46c4     0x4  startup_stm32l432xx.o [1]
  .text              ro code   0x800'46c8     0x4  startup_stm32l432xx.o [1]
  .text              ro code   0x800'46cc     0x4  startup_stm32l432xx.o [1]
  .text              ro code   0x800'46d0     0x4  startup_stm32l432xx.o [1]
  .text              ro code   0x800'46d4     0x4  startup_stm32l432xx.o [1]
  .text              ro code   0x800'46d8     0x4  startup_stm32l432xx.o [1]
  .text              ro code   0x800'46dc     0x4  startup_stm32l432xx.o [1]
  .text              ro code   0x800'46e0     0x4  startup_stm32l432xx.o [1]
  .text              ro code   0x800'46e4     0x4  startup_stm32l432xx.o [1]
  .text              ro code   0x800'46e8     0x4  startup_stm32l432xx.o [1]
  .text              ro code   0x800'46ec     0x4  startup_stm32l432xx.o [1]
  .text              ro code   0x800'46f0     0x4  startup_stm32l432xx.o [1]
  .text              ro code   0x800'46f4     0x4  startup_stm32l432xx.o [1]
  .text              ro code   0x800'46f8     0x4  startup_stm32l432xx.o [1]
  .text              ro code   0x800'46fc     0x4  startup_stm32l432xx.o [1]
  .text              ro code   0x800'4700     0x4  startup_stm32l432xx.o [1]
  .text              ro code   0x800'4704     0x4  startup_stm32l432xx.o [1]
  .text              ro code   0x800'4708     0x4  startup_stm32l432xx.o [1]
  .text              ro code   0x800'470c     0x4  startup_stm32l432xx.o [1]
  .text              ro code   0x800'4710     0x4  startup_stm32l432xx.o [1]
  .text              ro code   0x800'4714     0x4  startup_stm32l432xx.o [1]
  .text              ro code   0x800'4718     0x4  startup_stm32l432xx.o [1]
  .text              ro code   0x800'471c     0x4  startup_stm32l432xx.o [1]
  .text              ro code   0x800'4720     0x4  startup_stm32l432xx.o [1]
  .text              ro code   0x800'4724     0x4  startup_stm32l432xx.o [1]
  .text              ro code   0x800'4728     0x4  startup_stm32l432xx.o [1]
  .text              ro code   0x800'472c     0x4  startup_stm32l432xx.o [1]
  .text              ro code   0x800'4730     0x4  startup_stm32l432xx.o [1]
  .text              ro code   0x800'4734     0x4  startup_stm32l432xx.o [1]
  .text              ro code   0x800'4738     0x4  startup_stm32l432xx.o [1]
  .text              ro code   0x800'473c     0x4  startup_stm32l432xx.o [1]
  .text              ro code   0x800'4740     0x4  startup_stm32l432xx.o [1]
  .text              ro code   0x800'4744     0x4  startup_stm32l432xx.o [1]
  .text              ro code   0x800'4748     0x4  startup_stm32l432xx.o [1]
  .text              ro code   0x800'474c     0x4  startup_stm32l432xx.o [1]
  .text              ro code   0x800'4750     0x4  startup_stm32l432xx.o [1]
  .text              ro code   0x800'4754     0x4  startup_stm32l432xx.o [1]
  .text              ro code   0x800'4758     0x4  startup_stm32l432xx.o [1]
  .text              ro code   0x800'475c     0x4  startup_stm32l432xx.o [1]
  .text              ro code   0x800'4760     0x4  startup_stm32l432xx.o [1]
  .text              ro code   0x800'4764     0x4  startup_stm32l432xx.o [1]
  .text              ro code   0x800'4768     0x4  startup_stm32l432xx.o [1]
  .text              ro code   0x800'476c     0x4  startup_stm32l432xx.o [1]
  .text              ro code   0x800'4770     0x4  startup_stm32l432xx.o [1]
  .text              ro code   0x800'4774     0x4  startup_stm32l432xx.o [1]
  .text              ro code   0x800'4778     0x4  startup_stm32l432xx.o [1]
  .text              ro code   0x800'477c     0x4  startup_stm32l432xx.o [1]
  .text              ro code   0x800'4780     0x4  startup_stm32l432xx.o [1]
  .rodata            const     0x800'4784     0x0  zero_init3.o [14]
  .rodata            const     0x800'4784     0x0  lz77_init_single.o [14]
  Initializer bytes  const     0x800'4784   0x3ba  <for P2-1>
                             - 0x800'4b3e  0x49b2

"P2", part 1 of 3:                          0xfb4
  P2-1                        0x2000'0000   0xfb4  <Init block>
    .data            inited   0x2000'0000     0xc  background.o [3]
    .data            inited   0x2000'000c     0x8  background.o [3]
    .data            inited   0x2000'0014    0x34  coin_obj.o [8]
    .data            inited   0x2000'0048    0x1c  coin_obj.o [8]
    .data            inited   0x2000'0064    0x1c  coin_obj.o [8]
    .data            inited   0x2000'0080     0x8  coin_obj.o [8]
    .data            inited   0x2000'0088   0x400  displayST7735.o [4]
    .data            inited   0x2000'0488    0x40  rover_game.o [7]
    .data            inited   0x2000'04c8   0x90c  rover_game.o [7]
    .data            inited   0x2000'0dd4     0xc  rover_game.o [7]
    .data            inited   0x2000'0de0     0x8  rover_game.o [7]
    .data            inited   0x2000'0de8    0x1c  rover_obj.o [8]
    .data            inited   0x2000'0e04    0xc4  rover_obj.o [8]
    .data            inited   0x2000'0ec8    0xc4  rover_obj.o [8]
    .data            inited   0x2000'0f8c     0x8  rover_obj.o [8]
    .data            inited   0x2000'0f94    0x10  rover_obj.o [8]
    .data            inited   0x2000'0fa4     0xc  stm32l4xx_hal.o [11]
    .data            inited   0x2000'0fb0     0x4  system_stm32l4xx.o [10]
                            - 0x2000'0fb4   0xfb4

"P2", part 2 of 3:                          0xc60
  .bss               zero     0x2000'0fb4   0x4b0  rover_game.o [7]
  .bss               zero     0x2000'1464   0x320  rover_game.o [7]
  .bss               zero     0x2000'1784   0x258  displayST7735.o [4]
  .bss               zero     0x2000'19dc   0x11c  main.o [2]
  .bss               zero     0x2000'1af8    0x64  main.o [2]
  .bss               zero     0x2000'1b5c    0x48  main.o [2]
  .bss               zero     0x2000'1ba4    0x34  joystick.o [6]
  .bss               zero     0x2000'1bd8    0x16  stm32l4xx_it.o [2]
  .bss               zero     0x2000'1bee     0x2  main.o [2]
  .bss               zero     0x2000'1bf0    0x15  displayST7735.o [4]
  .bss               zero     0x2000'1c05     0x1  coin_obj.o [8]
  .bss               zero     0x2000'1c06     0x1  displayST7735.o [4]
  .bss               zero     0x2000'1c07     0x1  rover_game.o [7]
  .bss               zero     0x2000'1c08     0x8  joystick.o [6]
  .bss               zero     0x2000'1c10     0x1  stm32l4xx_it.o [2]
                            - 0x2000'1c11   0xc5d

"P2", part 3 of 3:                          0x400
  CSTACK                      0x2000'1c18   0x400  <Block>
    CSTACK           uninit   0x2000'1c18   0x400  <Block tail>
                            - 0x2000'2018   0x400

Unused ranges:

         From           To      Size
         ----           --      ----
   0x800'4b3e   0x803'ffff  0x3'b4c2
  0x2000'1c14  0x2000'1c17       0x4
  0x2000'2018  0x2000'ffff    0xdfe8


*******************************************************************************
*** INIT TABLE
***

          Address      Size
          -------      ----
Zero (__iar_zero_init3)
    1 destination range, total size 0xc5d:
          0x2000'0fb4  0xc5d

Copy/lz77 (__iar_lz77_init_single3)
    1 source range, total size 0x3ba (23% of destination):
           0x800'4784  0x3ba
    1 destination range, total size 0xfb4:
          0x2000'0000  0xfb4



*******************************************************************************
*** MODULE SUMMARY
***

    Module                  ro code  ro data  rw data
    ------                  -------  -------  -------
command line/config:
    -------------------------------------------------
    Total:

C:\Users\Ishan\Desktop\STM32\Rover-Coin-Game\EWARM\Rover-Coin-Game\Obj\Application\EWARM: [1]
    startup_stm32l432xx.o       648
    -------------------------------------------------
    Total:                      648

C:\Users\Ishan\Desktop\STM32\Rover-Coin-Game\EWARM\Rover-Coin-Game\Obj\Application\User: [2]
    main.o                      924               458
    stm32l4xx_hal_msp.o         552
    stm32l4xx_it.o              204                23
    -------------------------------------------------
    Total:                    1'680               481

C:\Users\Ishan\Desktop\STM32\Rover-Coin-Game\EWARM\Rover-Coin-Game\Obj\Application\User\Modules\background: [3]
    background.o                200        4       20
    -------------------------------------------------
    Total:                      200        4       20

C:\Users\Ishan\Desktop\STM32\Rover-Coin-Game\EWARM\Rover-Coin-Game\Obj\Application\User\Modules\displayST7735: [4]
    displayST7735.o             964      243    1'646
    -------------------------------------------------
    Total:                      964      243    1'646

C:\Users\Ishan\Desktop\STM32\Rover-Coin-Game\EWARM\Rover-Coin-Game\Obj\Application\User\Modules\generic_game: [5]
    generic_game.o            1'192
    -------------------------------------------------
    Total:                    1'192

C:\Users\Ishan\Desktop\STM32\Rover-Coin-Game\EWARM\Rover-Coin-Game\Obj\Application\User\Modules\joystick: [6]
    joystick.o                  224                60
    -------------------------------------------------
    Total:                      224                60

C:\Users\Ishan\Desktop\STM32\Rover-Coin-Game\EWARM\Rover-Coin-Game\Obj\Application\User\Modules\roverGame: [7]
    rover_game.o              1'760      569    4'401
    -------------------------------------------------
    Total:                    1'760      569    4'401

C:\Users\Ishan\Desktop\STM32\Rover-Coin-Game\EWARM\Rover-Coin-Game\Obj\Application\User\Modules\roverGame\game_obj: [8]
    coin_obj.o                  240       28      117
    rover_obj.o                 380      106      444
    -------------------------------------------------
    Total:                      620      134      561

C:\Users\Ishan\Desktop\STM32\Rover-Coin-Game\EWARM\Rover-Coin-Game\Obj\Application\User\Modules\roverGame\rover_math: [9]
    rover_math.o                298
    -------------------------------------------------
    Total:                      298

C:\Users\Ishan\Desktop\STM32\Rover-Coin-Game\EWARM\Rover-Coin-Game\Obj\Drivers\CMSIS: [10]
    system_stm32l4xx.o           92       57        4
    -------------------------------------------------
    Total:                       92       57        4

C:\Users\Ishan\Desktop\STM32\Rover-Coin-Game\EWARM\Rover-Coin-Game\Obj\Drivers\STM32L4xx_HAL_Driver: [11]
    stm32l4xx_hal.o             166        3       12
    stm32l4xx_hal_adc.o       1'900
    stm32l4xx_hal_cortex.o      196
    stm32l4xx_hal_dma.o         550
    stm32l4xx_hal_gpio.o        472
    stm32l4xx_hal_pwr.o          16
    stm32l4xx_hal_pwr_ex.o      124
    stm32l4xx_hal_rcc.o       1'844
    stm32l4xx_hal_rcc_ex.o      868
    stm32l4xx_hal_spi.o       1'180
    stm32l4xx_hal_uart.o      1'256
    -------------------------------------------------
    Total:                    8'572        3       12

dl7M_tln.a: [12]
    exit.o                        4
    low_level_init.o              4
    -------------------------------------------------
    Total:                        8

m7M_tls.a: [13]
    DblAddSub.o                 590
    DblMul.o                    426
    DblToFlt.o                  104
    S32ToDbl.o                   34
    U32ToDbl.o                   28
    fpinit_M.o                   34
    -------------------------------------------------
    Total:                    1'216

rt7M_tl.a: [14]
    ABImemcpy_small.o            24
    ABImemset.o                 102
    I64DivMod_small.o           262
    I64DivZer.o                   2
    cexit.o                      10
    cmain.o                      30
    cstartup_M.o                 28
    data_init.o                  40
    lz77_init_single.o          126
    memset.o                     20
    zero_init3.o                 56
    -------------------------------------------------
    Total:                      700

shb_l.a: [15]
    exit.o                       20
    -------------------------------------------------
    Total:                       20

    Gaps                         24        2
    Linker created                        32    1'024
-----------------------------------------------------
    Grand Total:             18'218    1'044    8'209


*******************************************************************************
*** ENTRY LIST
***

Entry                       Address   Size  Type      Object
-----                       -------   ----  ----      ------
.iar.init_table$$Base    0x800'45fc          --   Gb  - Linker created -
.iar.init_table$$Limit   0x800'461c          --   Gb  - Linker created -
?main                    0x800'461d         Code  Gb  cmain.o [14]
ADC1_IRQHandler          0x800'46dd         Code  Wk  startup_stm32l432xx.o [1]
ADC_DMAConvCplt          0x800'0869   0x6c  Code  Gb  stm32l4xx_hal_adc.o [11]
ADC_DMAError             0x800'08dd   0x16  Code  Gb  stm32l4xx_hal_adc.o [11]
ADC_DMAHalfConvCplt      0x800'08d5    0x6  Code  Gb  stm32l4xx_hal_adc.o [11]
ADC_Enable               0x800'0793   0x80  Code  Gb  stm32l4xx_hal_adc.o [11]
AHBPrescTable            0x800'4538   0x10  Data  Gb  system_stm32l4xx.o [10]
APBPrescTable            0x800'4690    0x8  Data  Gb  system_stm32l4xx.o [10]
BackgroundColorPixel     0x800'3649   0x1c  Code  Gb  background.o [3]
BackgroundFillBox        0x800'397d   0x72  Code  Gb  generic_game.o [5]
BusFault_Handler         0x800'4417    0x2  Code  Gb  stm32l4xx_it.o [2]
CAN1_RX0_IRQHandler      0x800'46e5         Code  Wk  startup_stm32l432xx.o [1]
CAN1_RX1_IRQHandler      0x800'46e9         Code  Wk  startup_stm32l432xx.o [1]
CAN1_SCE_IRQHandler      0x800'46ed         Code  Wk  startup_stm32l432xx.o [1]
CAN1_TX_IRQHandler       0x800'46e1         Code  Wk  startup_stm32l432xx.o [1]
COMP_IRQHandler          0x800'4745         Code  Wk  startup_stm32l432xx.o [1]
CRS_IRQHandler           0x800'4781         Code  Wk  startup_stm32l432xx.o [1]
CSTACK$$Base            0x2000'1c18          --   Gb  - Linker created -
CSTACK$$Limit           0x2000'2018          --   Gb  - Linker created -
CoinController           0x800'38b3   0x94  Code  Gb  coin_obj.o [8]
CosSim                   0x800'3eb9   0x1c  Code  Gb  rover_math.o [9]
DMA1_Channel1_IRQHandler
                         0x800'44bf   0x10  Code  Gb  stm32l4xx_it.o [2]
DMA1_Channel2_IRQHandler
                         0x800'46c5         Code  Wk  startup_stm32l432xx.o [1]
DMA1_Channel3_IRQHandler
                         0x800'46c9         Code  Wk  startup_stm32l432xx.o [1]
DMA1_Channel4_IRQHandler
                         0x800'46cd         Code  Wk  startup_stm32l432xx.o [1]
DMA1_Channel5_IRQHandler
                         0x800'46d1         Code  Wk  startup_stm32l432xx.o [1]
DMA1_Channel6_IRQHandler
                         0x800'46d5         Code  Wk  startup_stm32l432xx.o [1]
DMA1_Channel7_IRQHandler
                         0x800'46d9         Code  Wk  startup_stm32l432xx.o [1]
DMA2_Channel1_IRQHandler
                         0x800'4731         Code  Wk  startup_stm32l432xx.o [1]
DMA2_Channel2_IRQHandler
                         0x800'4735         Code  Wk  startup_stm32l432xx.o [1]
DMA2_Channel3_IRQHandler
                         0x800'4739         Code  Wk  startup_stm32l432xx.o [1]
DMA2_Channel4_IRQHandler
                         0x800'473d         Code  Wk  startup_stm32l432xx.o [1]
DMA2_Channel5_IRQHandler
                         0x800'4741         Code  Wk  startup_stm32l432xx.o [1]
DMA2_Channel6_IRQHandler
                         0x800'4755         Code  Wk  startup_stm32l432xx.o [1]
DMA2_Channel7_IRQHandler
                         0x800'4759         Code  Wk  startup_stm32l432xx.o [1]
DMA_SetConfig            0x800'0d97   0x28  Code  Lc  stm32l4xx_hal_dma.o [11]
DebugMon_Handler         0x800'441d    0x2  Code  Gb  stm32l4xx_it.o [2]
DisplayNumber            0x800'2831   0x3c  Code  Gb  rover_game.o [7]
DisplayNumber::numStr   0x2000'0de0    0x8  Data  Lc  rover_game.o [7]
DisplayObjectLoc         0x800'2787   0x72  Code  Gb  rover_game.o [7]
DisplayScore             0x800'286d   0x20  Code  Gb  rover_game.o [7]
DisplayTime              0x800'288d   0x40  Code  Gb  rover_game.o [7]
DisplayTime::decrementTime
                        0x2000'1c07    0x1  Data  Lc  rover_game.o [7]
EXTI0_IRQHandler         0x800'46b1         Code  Wk  startup_stm32l432xx.o [1]
EXTI15_10_IRQHandler     0x800'471d         Code  Wk  startup_stm32l432xx.o [1]
EXTI1_IRQHandler         0x800'46b5         Code  Wk  startup_stm32l432xx.o [1]
EXTI2_IRQHandler         0x800'46b9         Code  Wk  startup_stm32l432xx.o [1]
EXTI3_IRQHandler         0x800'46bd         Code  Wk  startup_stm32l432xx.o [1]
EXTI4_IRQHandler         0x800'46c1         Code  Wk  startup_stm32l432xx.o [1]
EXTI9_5_IRQHandler       0x800'46f1         Code  Wk  startup_stm32l432xx.o [1]
Error_Handler            0x800'1477    0x8  Code  Gb  main.o [2]
FLASH_IRQHandler         0x800'46a9         Code  Wk  startup_stm32l432xx.o [1]
FPU_IRQHandler           0x800'477d         Code  Wk  startup_stm32l432xx.o [1]
FillNewBackgroundObj     0x800'39ef  0x134  Code  Gb  generic_game.o [5]
HAL_ADC_ConfigChannel    0x800'0419  0x324  Code  Gb  stm32l4xx_hal_adc.o [11]
HAL_ADC_ConvCpltCallback
                         0x800'0dcd    0x2  Code  Wk  stm32l4xx_hal_adc.o [11]
HAL_ADC_ConvHalfCpltCallback
                         0x800'0dd1    0x2  Code  Wk  stm32l4xx_hal_adc.o [11]
HAL_ADC_ErrorCallback    0x800'0dcf    0x2  Code  Wk  stm32l4xx_hal_adc.o [11]
HAL_ADC_Init             0x800'01df  0x18a  Code  Gb  stm32l4xx_hal_adc.o [11]
HAL_ADC_MspInit          0x800'099d   0xd4  Code  Gb  stm32l4xx_hal_msp.o [2]
HAL_ADC_Start_DMA        0x800'0369   0xa8  Code  Gb  stm32l4xx_hal_adc.o [11]
HAL_DMA_IRQHandler       0x800'0cd5   0xb2  Code  Gb  stm32l4xx_hal_dma.o [11]
HAL_DMA_Init             0x800'0b99   0xaa  Code  Gb  stm32l4xx_hal_dma.o [11]
HAL_DMA_Start_IT         0x800'0c61   0x74  Code  Gb  stm32l4xx_hal_dma.o [11]
HAL_Delay                0x800'346d   0x28  Code  Wk  stm32l4xx_hal.o [11]
HAL_GPIO_Init            0x800'14d5  0x1ac  Code  Gb  stm32l4xx_hal_gpio.o [11]
HAL_GPIO_ReadPin         0x800'1681    0xc  Code  Gb  stm32l4xx_hal_gpio.o [11]
HAL_GPIO_WritePin        0x800'168d    0xa  Code  Gb  stm32l4xx_hal_gpio.o [11]
HAL_GetTick              0x800'0dc1    0xc  Code  Wk  stm32l4xx_hal.o [11]
HAL_IncTick              0x800'44dd   0x10  Code  Wk  stm32l4xx_hal.o [11]
HAL_Init                 0x800'16c1   0x1e  Code  Gb  stm32l4xx_hal.o [11]
HAL_InitTick             0x800'34fd   0x44  Code  Wk  stm32l4xx_hal.o [11]
HAL_MspInit              0x800'0971   0x2c  Code  Gb  stm32l4xx_hal_msp.o [2]
HAL_NVIC_EnableIRQ       0x800'1751   0x16  Code  Gb  stm32l4xx_hal_cortex.o [11]
HAL_NVIC_SetPriority     0x800'1715   0x3a  Code  Gb  stm32l4xx_hal_cortex.o [11]
HAL_NVIC_SetPriorityGrouping
                         0x800'16fb   0x1a  Code  Gb  stm32l4xx_hal_cortex.o [11]
HAL_PWREx_ControlVoltageScaling
                         0x800'2cb9   0x62  Code  Gb  stm32l4xx_hal_pwr_ex.o [11]
HAL_PWREx_GetVoltageRange
                         0x800'2cad    0xc  Code  Gb  stm32l4xx_hal_pwr_ex.o [11]
HAL_PWR_EnableBkUpAccess
                         0x800'2d29    0xc  Code  Gb  stm32l4xx_hal_pwr.o [11]
HAL_RCCEx_EnableMSIPLLMode
                         0x800'1007    0xc  Code  Gb  stm32l4xx_hal_rcc_ex.o [11]
HAL_RCCEx_PeriphCLKConfig
                         0x800'0dd5  0x22c  Code  Gb  stm32l4xx_hal_rcc_ex.o [11]
HAL_RCC_ClockConfig      0x800'31cd   0xfa  Code  Gb  stm32l4xx_hal_rcc.o [11]
HAL_RCC_GetPCLK1Freq     0x800'338f   0x10  Code  Gb  stm32l4xx_hal_rcc.o [11]
HAL_RCC_GetPCLK2Freq     0x800'339f    0xe  Code  Gb  stm32l4xx_hal_rcc.o [11]
HAL_RCC_GetSysClockFreq
                         0x800'32fd   0x92  Code  Gb  stm32l4xx_hal_rcc.o [11]
HAL_RCC_OscConfig        0x800'2d39  0x45c  Code  Gb  stm32l4xx_hal_rcc.o [11]
HAL_SPI_Init             0x800'17a5   0xd4  Code  Gb  stm32l4xx_hal_spi.o [11]
HAL_SPI_MspInit          0x800'0a7d   0x48  Code  Gb  stm32l4xx_hal_msp.o [2]
HAL_SPI_Transmit         0x800'1879  0x16c  Code  Gb  stm32l4xx_hal_spi.o [11]
HAL_SYSTICK_Config       0x800'1767   0x22  Code  Gb  stm32l4xx_hal_cortex.o [11]
HAL_UART_Init            0x800'1c41   0x34  Code  Gb  stm32l4xx_hal_uart.o [11]
HAL_UART_MspInit         0x800'0add   0x86  Code  Gb  stm32l4xx_hal_msp.o [2]
HardFault_Handler        0x800'4413    0x2  Code  Gb  stm32l4xx_it.o [2]
I2C1_ER_IRQHandler       0x800'470d         Code  Wk  startup_stm32l432xx.o [1]
I2C1_EV_IRQHandler       0x800'4709         Code  Wk  startup_stm32l432xx.o [1]
I2C3_ER_IRQHandler       0x800'4769         Code  Wk  startup_stm32l432xx.o [1]
I2C3_EV_IRQHandler       0x800'4765         Code  Wk  startup_stm32l432xx.o [1]
InitFinished             0x800'29c1   0xd8  Code  Gb  rover_game.o [7]
InitFinished::mainStr   0x2000'04b8   0x10  Data  Lc  rover_game.o [7]
InitRunning              0x800'2959   0x5a  Code  Gb  rover_game.o [7]
InitTitle                0x800'28cd   0x82  Code  Gb  rover_game.o [7]
InitializeObjDisp        0x800'260b  0x144  Code  Gb  rover_game.o [7]
InitializeObjDisp::allObjColorTypes
                        0x2000'0d88    0x8  Data  Lc  rover_game.o [7]
InitializeObjDisp::allObjColors
                        0x2000'0d90    0x8  Data  Lc  rover_game.o [7]
InitializeObjDisp::objPxHeight
                        0x2000'0d6c   0x1c  Data  Lc  rover_game.o [7]
InitializeObjDisp::objPxWidth
                        0x2000'0d50   0x1c  Data  Lc  rover_game.o [7]
InitializeStateChange    0x800'2bd1   0x20  Code  Gb  rover_game.o [7]
LL_ADC_GetOffsetChannel
                         0x800'018d    0xe  Code  Lc  stm32l4xx_hal_adc.o [11]
LL_ADC_REG_IsTriggerSourceSWStart
                         0x800'01ad    0xe  Code  Lc  stm32l4xx_hal_adc.o [11]
LL_ADC_SetChannelSamplingTime
                         0x800'01bb   0x24  Code  Lc  stm32l4xx_hal_adc.o [11]
LL_ADC_SetOffsetState    0x800'019b   0x12  Code  Lc  stm32l4xx_hal_adc.o [11]
LPTIM1_IRQHandler        0x800'4749         Code  Wk  startup_stm32l432xx.o [1]
LPTIM2_IRQHandler        0x800'474d         Code  Wk  startup_stm32l432xx.o [1]
LPUART1_IRQHandler       0x800'475d         Code  Wk  startup_stm32l432xx.o [1]
MSIRangeTable            0x800'4580   0x30  Data  Gb  system_stm32l4xx.o [10]
MemManage_Handler        0x800'4415    0x2  Code  Gb  stm32l4xx_it.o [2]
MultMatrix               0x800'3f31   0x3a  Code  Gb  rover_math.o [9]
NMI_Handler              0x800'4411    0x2  Code  Gb  stm32l4xx_it.o [2]
ObjectPositionCalc       0x800'274f   0x38  Code  Gb  rover_game.o [7]
PVD_PVM_IRQHandler       0x800'469d         Code  Wk  startup_stm32l432xx.o [1]
PendSV_Handler           0x800'441f    0x2  Code  Gb  stm32l4xx_it.o [2]
QUADSPI_IRQHandler       0x800'4761         Code  Wk  startup_stm32l432xx.o [1]
RCCEx_PLLSAI1_Config     0x800'1013   0xfa  Code  Lc  stm32l4xx_hal_rcc_ex.o [11]
RCC_IRQHandler           0x800'46ad         Code  Wk  startup_stm32l432xx.o [1]
RCC_SetFlashLatencyFromMSIRange
                         0x800'33b7   0x74  Code  Lc  stm32l4xx_hal_rcc.o [11]
RNG_IRQHandler           0x800'4779         Code  Wk  startup_stm32l432xx.o [1]
RTC_Alarm_IRQHandler     0x800'4721         Code  Wk  startup_stm32l432xx.o [1]
RTC_WKUP_IRQHandler      0x800'46a5         Code  Wk  startup_stm32l432xx.o [1]
RefreshObjectDetails     0x800'27f9   0x10  Code  Gb  rover_game.o [7]
Region$$Table$$Base      0x800'45fc          --   Gb  - Linker created -
Region$$Table$$Limit     0x800'461c          --   Gb  - Linker created -
Reset_Handler            0x800'4681         Code  Wk  startup_stm32l432xx.o [1]
RoverController          0x800'374b  0x126  Code  Gb  rover_obj.o [8]
RoverLimitLoc            0x800'3711   0x3a  Code  Gb  rover_obj.o [8]
RunFinished              0x800'2bb1   0x20  Code  Gb  rover_game.o [7]
RunGamePlay              0x800'2af3   0xb2  Code  Gb  rover_game.o [7]
RunRoverGame             0x800'2bf9   0x28  Code  Gb  rover_game.o [7]
RunTitle                 0x800'2aa1   0x52  Code  Gb  rover_game.o [7]
RunTitle::changeColorCounter
                        0x2000'0dd8    0x1  Data  Lc  rover_game.o [7]
RunTitle::curColor      0x2000'0ddc    0x4  Data  Lc  rover_game.o [7]
SAI1_IRQHandler          0x800'476d         Code  Wk  startup_stm32l432xx.o [1]
SPI1_IRQHandler          0x800'4711         Code  Wk  startup_stm32l432xx.o [1]
SPI3_IRQHandler          0x800'4725         Code  Wk  startup_stm32l432xx.o [1]
SPI_EndRxTxTransaction   0x800'1bf5   0x2e  Code  Lc  stm32l4xx_hal_spi.o [11]
SPI_WaitFifoStateUntilTimeout
                         0x800'1afd   0xd4  Code  Lc  stm32l4xx_hal_spi.o [11]
SPI_WaitFlagStateUntilTimeout
                         0x800'1a47   0xb6  Code  Lc  stm32l4xx_hal_spi.o [11]
SVC_Handler              0x800'441b    0x2  Code  Gb  stm32l4xx_it.o [2]
SWPMI1_IRQHandler        0x800'4771         Code  Wk  startup_stm32l432xx.o [1]
SetObjectColor           0x800'3b3b  0x1e2  Code  Gb  generic_game.o [5]
SinSim                   0x800'3e9b   0x1e  Code  Gb  rover_math.o [9]
SysTick_Handler          0x800'4421   0x9e  Code  Gb  stm32l4xx_it.o [2]
SystemClock_Config       0x800'1397   0x92  Code  Gb  main.o [2]
SystemCoreClock         0x2000'0fb0    0x4  Data  Gb  system_stm32l4xx.o [10]
SystemInit               0x800'44ed   0x3c  Code  Gb  system_stm32l4xx.o [10]
TAMP_STAMP_IRQHandler    0x800'46a1         Code  Wk  startup_stm32l432xx.o [1]
TIM1_BRK_TIM15_IRQHandler
                         0x800'46f5         Code  Wk  startup_stm32l432xx.o [1]
TIM1_CC_IRQHandler       0x800'4701         Code  Wk  startup_stm32l432xx.o [1]
TIM1_TRG_COM_IRQHandler
                         0x800'46fd         Code  Wk  startup_stm32l432xx.o [1]
TIM1_UP_TIM16_IRQHandler
                         0x800'46f9         Code  Wk  startup_stm32l432xx.o [1]
TIM2_IRQHandler          0x800'4705         Code  Wk  startup_stm32l432xx.o [1]
TIM6_DAC_IRQHandler      0x800'4729         Code  Wk  startup_stm32l432xx.o [1]
TIM7_IRQHandler          0x800'472d         Code  Wk  startup_stm32l432xx.o [1]
TSC_IRQHandler           0x800'4775         Code  Wk  startup_stm32l432xx.o [1]
UART_AdvFeatureConfig    0x800'1eb9   0xc6  Code  Gb  stm32l4xx_hal_uart.o [11]
UART_CheckIdleState      0x800'1f7f   0x8e  Code  Gb  stm32l4xx_hal_uart.o [11]
UART_EndRxTransfer       0x800'20a5   0x22  Code  Lc  stm32l4xx_hal_uart.o [11]
UART_SetConfig           0x800'1cf5  0x1be  Code  Gb  stm32l4xx_hal_uart.o [11]
UART_WaitOnFlagUntilTimeout
                         0x800'2019   0x8c  Code  Gb  stm32l4xx_hal_uart.o [11]
USART1_IRQHandler        0x800'4715         Code  Wk  startup_stm32l432xx.o [1]
USART2_IRQHandler        0x800'4719         Code  Wk  startup_stm32l432xx.o [1]
USB_IRQHandler           0x800'4751         Code  Wk  startup_stm32l432xx.o [1]
UpdateButton             0x800'2809   0x28  Code  Gb  rover_game.o [7]
UpdateButton::buttonStatus
                        0x2000'0dd7    0x1  Data  Lc  rover_game.o [7]
UsageFault_Handler       0x800'4419    0x2  Code  Gb  stm32l4xx_it.o [2]
WWDG_IRQHandler          0x800'4699         Code  Wk  startup_stm32l432xx.o [1]
__NVIC_SetPriority       0x800'16e1   0x1a  Code  Lc  stm32l4xx_hal_cortex.o [11]
__aeabi_d2f              0x800'43a9         Code  Gb  DblToFlt.o [13]
__aeabi_dadd             0x800'4159         Code  Gb  DblAddSub.o [13]
__aeabi_dmul             0x800'3fad         Code  Gb  DblMul.o [13]
__aeabi_i2d              0x800'3f6d         Code  Gb  S32ToDbl.o [13]
__aeabi_ldiv0            0x800'3e3d         Code  Gb  I64DivZer.o [14]
__aeabi_memset           0x800'3495         Code  Gb  ABImemset.o [14]
__aeabi_ui2d             0x800'3f91         Code  Gb  U32ToDbl.o [13]
__cmain                  0x800'461d         Code  Gb  cmain.o [14]
__exit                   0x800'4651   0x14  Code  Gb  exit.o [15]
__iar_Memset             0x800'3495         Code  Gb  ABImemset.o [14]
__iar_Memset_word        0x800'349d         Code  Gb  ABImemset.o [14]
__iar_data_init3         0x800'45b1   0x28  Code  Gb  data_init.o [14]
__iar_init_vfp           0x800'45d9         Code  Gb  fpinit_M.o [13]
__iar_lz77_init_single3
                         0x800'08f3   0x7e  Code  Gb  lz77_init_single.o [14]
__iar_program_start      0x800'4665         Code  Gb  cstartup_M.o [14]
__iar_small_Memcpy       0x800'3e29         Code  Gb  ABImemcpy_small.o [14]
__iar_small_memcpy       0x800'3e25         Code  Gb  ABImemcpy_small.o [14]
__iar_small_memcpy4      0x800'3e25         Code  Gb  ABImemcpy_small.o [14]
__iar_small_memcpy8      0x800'3e25         Code  Gb  ABImemcpy_small.o [14]
__iar_small_uldivmod     0x800'3541         Code  Gb  I64DivMod_small.o [14]
__iar_zero_init3         0x800'4549   0x38  Code  Gb  zero_init3.o [14]
__low_level_init         0x800'463b    0x4  Code  Gb  low_level_init.o [12]
__vector_table           0x800'0000         Data  Gb  startup_stm32l432xx.o [1]
_call_main               0x800'4629         Code  Gb  cmain.o [14]
_exit                    0x800'4645         Code  Gb  cexit.o [14]
adcFlag                 0x2000'1c10    0x1  Data  Gb  stm32l4xx_it.o [2]
adcResults              0x2000'1ba8    0x8  Data  Gb  joystick.o [6]
allAdcResults           0x2000'1bb0   0x28  Data  Gb  joystick.o [6]
arrayValid              0x2000'1ba5    0x1  Data  Gb  joystick.o [6]
buttonPressed           0x2000'0dd4    0x1  Data  Gb  rover_game.o [7]
checkerBoard             0x800'3665   0x2e  Code  Gb  background.o [3]
checkerColors           0x2000'0004    0x8  Data  Gb  background.o [3]
circularCounter         0x2000'1ba4    0x1  Data  Gb  joystick.o [6]
coin1                   0x2000'0048   0x1c  Data  Gb  coin_obj.o [8]
coinColorTypes          0x2000'0080    0x8  Data  Gb  coin_obj.o [8]
coinColors              0x2000'0014   0x34  Data  Gb  coin_obj.o [8]
coinsObj                0x2000'0d98   0x3c  Data  Gb  rover_game.o [7]
collisionThere           0x800'3d1d  0x108  Code  Gb  generic_game.o [5]
countFlag1000Ms         0x2000'1bea    0x2  Data  Gb  stm32l4xx_it.o [2]
countFlag100Ms          0x2000'1be6    0x2  Data  Gb  stm32l4xx_it.o [2]
countFlag10Ms           0x2000'1be2    0x2  Data  Gb  stm32l4xx_it.o [2]
countFlag25Ms           0x2000'1be4    0x2  Data  Gb  stm32l4xx_it.o [2]
countFlag3Ms            0x2000'1be0    0x2  Data  Gb  stm32l4xx_it.o [2]
countFlag500Ms          0x2000'1be8    0x2  Data  Gb  stm32l4xx_it.o [2]
curState                0x2000'0dd5    0x1  Data  Gb  rover_game.o [7]
deactivateCoin           0x800'3947   0x2e  Code  Gb  coin_obj.o [8]
dispObjects             0x2000'04c8  0x870  Data  Gb  rover_game.o [7]
drawLine                 0x800'22a3   0xb0  Code  Gb  displayST7735.o [4]
exit                     0x800'463f    0x4  Code  Gb  exit.o [12]
finalADCResults         0x2000'1c08    0x8  Data  Gb  joystick.o [6]
flag1000MsPassed        0x2000'1bdd    0x1  Data  Gb  stm32l4xx_it.o [2]
flag100MsPassed         0x2000'1bdb    0x1  Data  Gb  stm32l4xx_it.o [2]
flag10MsPassed          0x2000'1bd9    0x1  Data  Gb  stm32l4xx_it.o [2]
flag25MsPassed          0x2000'1bda    0x1  Data  Gb  stm32l4xx_it.o [2]
flag3MsPassed           0x2000'1bd8    0x1  Data  Gb  stm32l4xx_it.o [2]
flag500MsPassed         0x2000'1bdc    0x1  Data  Gb  stm32l4xx_it.o [2]
font8by8                0x2000'0488   0x24  Data  Gb  rover_game.o [7]
font8x8_basic           0x2000'0088  0x400  Data  Gb  displayST7735.o [4]
gameObjects             0x2000'0fb4  0x4b0  Data  Gb  rover_game.o [7]
getRandNum               0x800'3e41   0x20  Code  Gb  rover_math.o [9]
gradColors              0x2000'000c    0x8  Data  Gb  background.o [3]
gradientVertical         0x800'3693   0x6a  Code  Gb  background.o [3]
hadc1                   0x2000'1af8   0x64  Data  Gb  main.o [2]
hdma_adc1               0x2000'1b5c   0x48  Data  Gb  main.o [2]
highestScore            0x2000'04b2    0x2  Data  Gb  rover_game.o [7]
hspi1                   0x2000'19e0   0x64  Data  Gb  main.o [2]
huart2                  0x2000'1a44   0x88  Data  Gb  main.o [2]
initADC                  0x800'2579    0x4  Code  Gb  joystick.o [6]
initDisplay              0x800'221f   0x46  Code  Gb  displayST7735.o [4]
initRNG                  0x800'1429   0x4e  Code  Gb  main.o [2]
joystickVal             0x2000'04b4    0x4  Data  Gb  rover_game.o [7]
main                     0x800'1139  0x25e  Code  Gb  main.o [2]
memset                   0x800'16ad   0x14  Code  Gb  memset.o [14]
numActiveCoins          0x2000'1c05    0x1  Data  Gb  coin_obj.o [8]
objPixelSpace           0x2000'1464  0x320  Data  Gb  rover_game.o [7]
orgCoin1                0x2000'0064   0x1c  Data  Gb  coin_obj.o [8]
prevScore               0x2000'04ac    0x2  Data  Gb  rover_game.o [7]
prevState               0x2000'0dd6    0x1  Data  Gb  rover_game.o [7]
randSTM32L4x             0x800'3e61   0x3a  Code  Gb  rover_math.o [9]
rov1Obj                 0x2000'0d38   0x18  Data  Gb  rover_game.o [7]
roverAngledColorType    0x2000'0ec8   0xc4  Data  Gb  rover_obj.o [8]
roverColorTypes         0x2000'0f8c    0x8  Data  Gb  rover_obj.o [8]
roverColors             0x2000'0de8   0x1c  Data  Gb  rover_obj.o [8]
roverGameScore          0x2000'04ae    0x2  Data  Gb  rover_game.o [7]
roverJoyGain            0x2000'0f94   0x10  Data  Gb  rover_obj.o [8]
roverStraightColorType  0x2000'0e04   0xc4  Data  Gb  rover_obj.o [8]
roverTime               0x2000'04b0    0x2  Data  Gb  rover_game.o [7]
rowData                 0x2000'1c06    0x1  Data  Gb  displayST7735.o [4]
runADC                   0x800'24ed   0x8c  Code  Gb  joystick.o [6]
runJoystick              0x800'2583   0x36  Code  Gb  joystick.o [6]
runningTrue             0x2000'1bde    0x1  Data  Gb  stm32l4xx_it.o [2]
setBackground            0x800'25cd   0x3e  Code  Gb  rover_game.o [7]
setCoinColor             0x800'388d   0x26  Code  Gb  coin_obj.o [8]
setColor                 0x800'2187   0x6e  Code  Gb  displayST7735.o [4]
setColumnRowRange        0x800'2129   0x5e  Code  Gb  displayST7735.o [4]
setDisplay              0x2000'19dc    0x1  Data  Gb  main.o [2]
speedColorArr           0x2000'1784  0x258  Data  Gb  displayST7735.o [4]
thickness               0x2000'0000    0x1  Data  Gb  background.o [3]
timeCntr                0x2000'19dd    0x1  Data  Gb  main.o [2]
timeDisp                0x2000'1bee    0x2  Data  Gb  main.o [2]
timeDisplayMS           0x2000'1bec    0x2  Data  Gb  stm32l4xx_it.o [2]
timeElasped             0x2000'1acc   0x28  Data  Gb  main.o [2]
timeHolder              0x2000'1af4    0x4  Data  Gb  main.o [2]
transmitArr             0x2000'1bf0   0x14  Data  Gb  displayST7735.o [4]
uwTick                  0x2000'0fa8    0x4  Data  Gb  stm32l4xx_hal.o [11]
uwTickFreq              0x2000'0fa4    0x1  Data  Gb  stm32l4xx_hal.o [11]
uwTickPrio              0x2000'0fac    0x4  Data  Gb  stm32l4xx_hal.o [11]
writeColorArray          0x800'2353   0x72  Code  Gb  displayST7735.o [4]
writeDisplayCommand      0x800'21f5   0x2a  Code  Gb  displayST7735.o [4]
writePixel               0x800'228b   0x18  Code  Gb  displayST7735.o [4]
writeRectangle           0x800'2265   0x26  Code  Gb  displayST7735.o [4]
writeText                0x800'23cf  0x108  Code  Gb  displayST7735.o [4]
zeroNum                 0x2000'1c04    0x1  Data  Gb  displayST7735.o [4]


[1] = C:\Users\Ishan\Desktop\STM32\Rover-Coin-Game\EWARM\Rover-Coin-Game\Obj\Application\EWARM
[2] = C:\Users\Ishan\Desktop\STM32\Rover-Coin-Game\EWARM\Rover-Coin-Game\Obj\Application\User
[3] = C:\Users\Ishan\Desktop\STM32\Rover-Coin-Game\EWARM\Rover-Coin-Game\Obj\Application\User\Modules\background
[4] = C:\Users\Ishan\Desktop\STM32\Rover-Coin-Game\EWARM\Rover-Coin-Game\Obj\Application\User\Modules\displayST7735
[5] = C:\Users\Ishan\Desktop\STM32\Rover-Coin-Game\EWARM\Rover-Coin-Game\Obj\Application\User\Modules\generic_game
[6] = C:\Users\Ishan\Desktop\STM32\Rover-Coin-Game\EWARM\Rover-Coin-Game\Obj\Application\User\Modules\joystick
[7] = C:\Users\Ishan\Desktop\STM32\Rover-Coin-Game\EWARM\Rover-Coin-Game\Obj\Application\User\Modules\roverGame
[8] = C:\Users\Ishan\Desktop\STM32\Rover-Coin-Game\EWARM\Rover-Coin-Game\Obj\Application\User\Modules\roverGame\game_obj
[9] = C:\Users\Ishan\Desktop\STM32\Rover-Coin-Game\EWARM\Rover-Coin-Game\Obj\Application\User\Modules\roverGame\rover_math
[10] = C:\Users\Ishan\Desktop\STM32\Rover-Coin-Game\EWARM\Rover-Coin-Game\Obj\Drivers\CMSIS
[11] = C:\Users\Ishan\Desktop\STM32\Rover-Coin-Game\EWARM\Rover-Coin-Game\Obj\Drivers\STM32L4xx_HAL_Driver
[12] = dl7M_tln.a
[13] = m7M_tls.a
[14] = rt7M_tl.a
[15] = shb_l.a

  18'218 bytes of readonly  code memory
   1'044 bytes of readonly  data memory
   8'209 bytes of readwrite data memory

Errors: none
Warnings: none
